Archive member included to satisfy reference by file (symbol)

ym/microbit/source/microbit.a(MicroBit.cpp.obj)
                              source/CMakeFiles/microbit-samples.dir/home/alexis/microbit-samples/source/main.cpp.obj (MicroBit::MicroBit())
ym/microbit-dal/source/microbit-dal.a(MicroBitDevice.cpp.obj)
                              ym/microbit/source/microbit.a(MicroBit.cpp.obj) (microbit_serial_number())
ym/microbit-dal/source/microbit-dal.a(MicroBitFiber.cpp.obj)
                              ym/microbit/source/microbit.a(MicroBit.cpp.obj) (scheduler_init(EventModel&))
ym/microbit-dal/source/microbit-dal.a(MicroBitFont.cpp.obj)
                              ym/microbit-dal/source/microbit-dal.a(MicroBitDevice.cpp.obj) (MicroBitFont::defaultFont)
ym/microbit-dal/source/microbit-dal.a(MicroBitHeapAllocator.cpp.obj)
                              ym/microbit/source/microbit.a(MicroBit.cpp.obj) (microbit_create_heap(unsigned long, unsigned long))
ym/microbit-dal/source/microbit-dal.a(MicroBitListener.cpp.obj)
                              ym/microbit-dal/source/microbit-dal.a(MicroBitFiber.cpp.obj) (MicroBitListener::MicroBitListener(unsigned short, unsigned short, void (*)(MicroBitEvent), unsigned short))
ym/microbit-dal/source/microbit-dal.a(MicroBitSystemTimer.cpp.obj)
                              ym/microbit-dal/source/microbit-dal.a(MicroBitFiber.cpp.obj) (system_timer_current_time())
ym/microbit-dal/source/microbit-dal.a(ManagedString.cpp.obj)
                              source/CMakeFiles/microbit-samples.dir/home/alexis/microbit-samples/source/main.cpp.obj (ManagedString::~ManagedString())
ym/microbit-dal/source/microbit-dal.a(MicroBitEvent.cpp.obj)
                              ym/microbit/source/microbit.a(MicroBit.cpp.obj) (MicroBitEvent::MicroBitEvent())
ym/microbit-dal/source/microbit-dal.a(MicroBitImage.cpp.obj)
                              ym/microbit/source/microbit.a(MicroBit.cpp.obj) (MicroBitImage::setPixelValue(short, short, unsigned char))
ym/microbit-dal/source/microbit-dal.a(PacketBuffer.cpp.obj)
                              ym/microbit-dal/source/microbit-dal.a(ManagedString.cpp.obj) (PacketBuffer::getBytes())
ym/microbit-dal/source/microbit-dal.a(RefCounted.cpp.obj)
                              ym/microbit-dal/source/microbit-dal.a(ManagedString.cpp.obj) (RefCounted::init())
ym/microbit-dal/source/microbit-dal.a(MicroBitAccelerometer.cpp.obj)
                              ym/microbit/source/microbit.a(MicroBit.cpp.obj) (MicroBitAccelerometer::autoDetect(MicroBitI2C&))
ym/microbit-dal/source/microbit-dal.a(MicroBitButton.cpp.obj)
                              source/CMakeFiles/microbit-samples.dir/home/alexis/microbit-samples/source/main.cpp.obj (MicroBitButton::~MicroBitButton())
ym/microbit-dal/source/microbit-dal.a(MicroBitCompass.cpp.obj)
                              ym/microbit/source/microbit.a(MicroBit.cpp.obj) (MicroBitCompass::autoDetect(MicroBitI2C&))
ym/microbit-dal/source/microbit-dal.a(MicroBitCompassCalibrator.cpp.obj)
                              ym/microbit/source/microbit.a(MicroBit.cpp.obj) (MicroBitCompassCalibrator::MicroBitCompassCalibrator(MicroBitCompass&, MicroBitAccelerometer&, MicroBitDisplay&, MicroBitStorage&))
ym/microbit-dal/source/microbit-dal.a(MicroBitDisplay.cpp.obj)
                              source/CMakeFiles/microbit-samples.dir/home/alexis/microbit-samples/source/main.cpp.obj (MicroBitDisplay::~MicroBitDisplay())
ym/microbit-dal/source/microbit-dal.a(MicroBitI2C.cpp.obj)
                              ym/microbit/source/microbit.a(MicroBit.cpp.obj) (MicroBitI2C::MicroBitI2C(PinName, PinName))
ym/microbit-dal/source/microbit-dal.a(MicroBitIO.cpp.obj)
                              ym/microbit/source/microbit.a(MicroBit.cpp.obj) (MicroBitIO::MicroBitIO(int, int, int, int, int, int, int, int, int, int, int, int, int, int, int, int, int, int, int))
ym/microbit-dal/source/microbit-dal.a(MicroBitLightSensor.cpp.obj)
                              ym/microbit-dal/source/microbit-dal.a(MicroBitDisplay.cpp.obj) (MicroBitLightSensor::read())
ym/microbit-dal/source/microbit-dal.a(MicroBitMessageBus.cpp.obj)
                              ym/microbit/source/microbit.a(MicroBit.cpp.obj) (MicroBitMessageBus::add(MicroBitListener*))
ym/microbit-dal/source/microbit-dal.a(MicroBitMultiButton.cpp.obj)
                              ym/microbit/source/microbit.a(MicroBit.cpp.obj) (MicroBitMultiButton::MicroBitMultiButton(unsigned short, unsigned short, unsigned short))
ym/microbit-dal/source/microbit-dal.a(MicroBitPin.cpp.obj)
                              ym/microbit-dal/source/microbit-dal.a(MicroBitAccelerometer.cpp.obj) (MicroBitPin::MicroBitPin(int, PinName, PinCapability))
ym/microbit-dal/source/microbit-dal.a(MicroBitRadio.cpp.obj)
                              ym/microbit/source/microbit.a(MicroBit.cpp.obj) (MicroBitRadio::MicroBitRadio(unsigned short))
ym/microbit-dal/source/microbit-dal.a(MicroBitRadioDatagram.cpp.obj)
[...]
Memory Configuration

Name             Origin             Length             Attributes
FLASH            0x0000000000018000 0x0000000000028000 xr
RAM              0x0000000020002000 0x0000000000002000 xrw
*default*        0x0000000000000000 0xffffffffffffffff

Linker script and memory map

LOAD /usr/lib/gcc/arm-none-eabi/10.3.1/thumb/v6-m/nofp/crti.o
LOAD /usr/lib/gcc/arm-none-eabi/10.3.1/thumb/v6-m/nofp/crtbegin.o
LOAD /usr/lib/gcc/arm-none-eabi/10.3.1/../../../arm-none-eabi/lib/thumb/v6-m/nofp/crt0.o
START GROUP
LOAD source/CMakeFiles/microbit-samples.dir/home/alexis/microbit-samples/source/main.cpp.obj
LOAD ym/microbit/source/microbit.a
LOAD ym/microbit-dal/source/microbit-dal.a
LOAD ym/ble/source/ble.a
LOAD ym/ble-nrf51822/source/ble-nrf51822.a
LOAD ym/ble/source/ble.a
LOAD ym/ble-nrf51822/source/ble-nrf51822.a
LOAD ym/nrf51-sdk/source/nrf51-sdk.a
LOAD ym/mbed-classic/existing/mbed-classic.a
LOAD /usr/lib/gcc/arm-none-eabi/10.3.1/../../../arm-none-eabi/lib/thumb/v6-m/nofp/libnosys.a
LOAD /usr/lib/gcc/arm-none-eabi/10.3.1/../../../arm-none-eabi/lib/thumb/v6-m/nofp/libstdc++_nano.a
LOAD /usr/lib/gcc/arm-none-eabi/10.3.1/../../../arm-none-eabi/lib/thumb/v6-m/nofp/libsupc++_nano.a
LOAD /usr/lib/gcc/arm-none-eabi/10.3.1/thumb/v6-m/nofp/libgcc.a
LOAD /usr/lib/gcc/arm-none-eabi/10.3.1/../../../arm-none-eabi/lib/thumb/v6-m/nofp/libstdc++_nano.a
LOAD /usr/lib/gcc/arm-none-eabi/10.3.1/../../../arm-none-eabi/lib/thumb/v6-m/nofp/libsupc++_nano.a
LOAD /usr/lib/gcc/arm-none-eabi/10.3.1/../../../arm-none-eabi/lib/thumb/v6-m/nofp/libm.a
LOAD /usr/lib/gcc/arm-none-eabi/10.3.1/../../../arm-none-eabi/lib/thumb/v6-m/nofp/libc_nano.a
LOAD /usr/lib/gcc/arm-none-eabi/10.3.1/thumb/v6-m/nofp/libgcc.a
END GROUP
LOAD /usr/lib/gcc/arm-none-eabi/10.3.1/../../../arm-none-eabi/lib/thumb/v6-m/nofp/libstdc++_nano.a
LOAD /usr/lib/gcc/arm-none-eabi/10.3.1/../../../arm-none-eabi/lib/thumb/v6-m/nofp/libm.a
LOAD /usr/lib/gcc/arm-none-eabi/10.3.1/../../../arm-none-eabi/lib/thumb/v6-m/nofp/libc_nano.a
START GROUP
LOAD /usr/lib/gcc/arm-none-eabi/10.3.1/thumb/v6-m/nofp/libgcc.a
LOAD /usr/lib/gcc/arm-none-eabi/10.3.1/../../../arm-none-eabi/lib/thumb/v6-m/nofp/libc_nano.a
END GROUP
START GROUP
LOAD /usr/lib/gcc/arm-none-eabi/10.3.1/thumb/v6-m/nofp/libgcc.a
LOAD /usr/lib/gcc/arm-none-eabi/10.3.1/../../../arm-none-eabi/lib/thumb/v6-m/nofp/libc_nano.a
END GROUP
LOAD /usr/lib/gcc/arm-none-eabi/10.3.1/thumb/v6-m/nofp/crtend.o
LOAD /usr/lib/gcc/arm-none-eabi/10.3.1/thumb/v6-m/nofp/crtn.o

.text           0x0000000000018000     0xf734
 *(SORT_BY_ALIGNMENT(.Vectors))
 .Vectors       0x0000000000018000       0xc0 ym/mbed-classic/existing/mbed-classic.a(startup_NRF51822.S.obj)
                0x0000000000018000                __Vectors
 *(SORT_BY_ALIGNMENT(.text*))
 .text          0x00000000000180c0       0x98 /usr/lib/gcc/arm-none-eabi/10.3.1/thumb/v6-m/nofp/crtbegin.o
 .text          0x0000000000018158       0x74 /usr/lib/gcc/arm-none-eabi/10.3.1/../../../arm-none-eabi/lib/thumb/v6-m/nofp/crt0.o
                0x0000000000018158                _stack_init
                0x0000000000018164                _mainCRTStartup
                0x0000000000018164                _start
 .text._ZN14MicroBitSerialD2Ev
                0x00000000000181cc       0x18 source/CMakeFiles/microbit-samples.dir/home/alexis/microbit-samples/source/main.cpp.obj
                0x00000000000181cc                MicroBitSerial::~MicroBitSerial()
                0x00000000000181cc                MicroBitSerial::~MicroBitSerial()
 .text.startup.main
                0x00000000000181e4       0x44 source/CMakeFiles/microbit-samples.dir/home/alexis/microbit-samples/source/main.cpp.obj
                0x00000000000181e4                main
 .text.startup._GLOBAL__sub_I_uBit
                0x0000000000018228       0x40 source/CMakeFiles/microbit-samples.dir/home/alexis/microbit-samples/source/main.cpp.obj
 .text._ZN8MicroBitD2Ev
                0x0000000000018268       0x58 source/CMakeFiles/microbit-samples.dir/home/alexis/microbit-samples/source/main.cpp.obj
                0x0000000000018268                MicroBit::~MicroBit()
                0x0000000000018268                MicroBit::~MicroBit()
 .text._ZN8MicroBitC2Ev
                0x00000000000182c0      0x16c ym/microbit/source/microbit.a(MicroBit.cpp.obj)
                0x00000000000182c0                MicroBit::MicroBit()
                0x00000000000182c0                MicroBit::MicroBit()
 .text._ZN8MicroBit4initEv
                0x000000000001842c      0x214 ym/microbit/source/microbit.a(MicroBit.cpp.obj)
                0x000000000001842c                MicroBit::init()
 .text.NVIC_SystemReset
                0x0000000000018640       0x18 ym/microbit-dal/source/microbit-dal.a(MicroBitDevice.cpp.obj)
 .text._Z22microbit_friendly_namev
                0x0000000000018658       0x6c ym/microbit-dal/source/microbit-dal.a(MicroBitDevice.cpp.obj)
                0x0000000000018658                microbit_friendly_name()
 .text._Z14microbit_panici
                0x00000000000186c4      0x154 ym/microbit-dal/source/microbit-dal.a(MicroBitDevice.cpp.obj)
                0x00000000000186c4                microbit_panic(int)
 .text._Z20microbit_seed_randomv
                0x0000000000018818       0x60 ym/microbit-dal/source/microbit-dal.a(MicroBitDevice.cpp.obj)
                0x0000000000018818                microbit_seed_random()
 .text._Z14scheduler_tickv
                0x0000000000018878       0x38 ym/microbit-dal/source/microbit-dal.a(MicroBitFiber.cpp.obj)
                0x0000000000018878                scheduler_tick()
 .text._Z15scheduler_event13MicroBitEvent
                0x00000000000188b0       0xcc ym/microbit-dal/source/microbit-dal.a(MicroBitFiber.cpp.obj)
                0x00000000000188b0                scheduler_event(MicroBitEvent)
 .text._Z15getFiberContextv
                0x000000000001897c       0x4c ym/microbit-dal/source/microbit-dal.a(MicroBitFiber.cpp.obj)
                0x000000000001897c                getFiberContext()
 .text._ZL10handle_fobv
                0x00000000000189c8       0x28 ym/microbit-dal/source/microbit-dal.a(MicroBitFiber.cpp.obj)
 .text._Z14scheduler_initR10EventModel
                0x00000000000189f0       0xac ym/microbit-dal/source/microbit-dal.a(MicroBitFiber.cpp.obj)
                0x00000000000189f0                scheduler_init(EventModel&)
 .text._Z23fiber_scheduler_runningv
                0x0000000000018a9c       0x10 ym/microbit-dal/source/microbit-dal.a(MicroBitFiber.cpp.obj)
                0x0000000000018a9c                fiber_scheduler_running()
 .text._Z19fiber_wake_on_eventtt
                0x0000000000018aac       0x68 ym/microbit-dal/source/microbit-dal.a(MicroBitFiber.cpp.obj)
                0x0000000000018aac                fiber_wake_on_event(unsigned short, unsigned short)
 .text._Z14__create_fibermmmi
                0x0000000000018b14       0x50 ym/microbit-dal/source/microbit-dal.a(MicroBitFiber.cpp.obj)
                0x0000000000018b14                __create_fiber(unsigned long, unsigned long, unsigned long, int)
 .text._Z12create_fiberPFvPvES_S1_
                0x0000000000018b64       0x24 ym/microbit-dal/source/microbit-dal.a(MicroBitFiber.cpp.obj)
                0x0000000000018b64                create_fiber(void (*)(void*), void*, void (*)(void*))
 .text._Z17verify_stack_sizeP5Fiber
                0x0000000000018b88       0x3c ym/microbit-dal/source/microbit-dal.a(MicroBitFiber.cpp.obj)
                0x0000000000018b88                verify_stack_size(Fiber*)
 .text._Z24scheduler_runqueue_emptyv
                0x0000000000018bc4       0x10 ym/microbit-dal/source/microbit-dal.a(MicroBitFiber.cpp.obj)
                0x0000000000018bc4                scheduler_runqueue_empty()
 .text._Z24fiber_add_idle_componentP17MicroBitComponent
                0x0000000000018bd4       0x1c ym/microbit-dal/source/microbit-dal.a(MicroBitFiber.cpp.obj)
                0x0000000000018bd4                fiber_add_idle_component(MicroBitComponent*)
 .text._Z27fiber_remove_idle_componentP17MicroBitComponent
                0x0000000000018bf0       0x1c ym/microbit-dal/source/microbit-dal.a(MicroBitFiber.cpp.obj)
                0x0000000000018bf0                fiber_remove_idle_component(MicroBitComponent*)
 .text._Z4idlev
                0x0000000000018c0c       0x30 ym/microbit-dal/source/microbit-dal.a(MicroBitFiber.cpp.obj)
                0x0000000000018c0c                idle()
 .text._Z8schedulev
                0x0000000000018c3c       0xd4 ym/microbit-dal/source/microbit-dal.a(MicroBitFiber.cpp.obj)
                0x0000000000018c3c                schedule()
 .text._Z11fiber_sleepm
                0x0000000000018d10       0x3c ym/microbit-dal/source/microbit-dal.a(MicroBitFiber.cpp.obj)
                0x0000000000018d10                fiber_sleep(unsigned long)
 .text._Z13release_fiberv
                0x0000000000018d4c       0x80 ym/microbit-dal/source/microbit-dal.a(MicroBitFiber.cpp.obj)
                0x0000000000018d4c                release_fiber()
 .text._Z13release_fiberPv
                0x0000000000018dcc       0x14 ym/microbit-dal/source/microbit-dal.a(MicroBitFiber.cpp.obj)
                0x0000000000018dcc                release_fiber(void*)
 .text._Z6invokePFvPvES_
                0x0000000000018de0       0x90 ym/microbit-dal/source/microbit-dal.a(MicroBitFiber.cpp.obj)
                0x0000000000018de0                invoke(void (*)(void*), void*)
 .text._ZN12MicroBitFont13getSystemFontEv
                0x0000000000018e70       0x10 ym/microbit-dal/source/microbit-dal.a(MicroBitFont.cpp.obj)
                0x0000000000018e70                MicroBitFont::getSystemFont()
 .text.startup._GLOBAL__sub_I__ZN12MicroBitFont11defaultFontE
                0x0000000000018e80       0x18 ym/microbit-dal/source/microbit-dal.a(MicroBitFont.cpp.obj)
 .text._Z20microbit_create_heapmm
                0x0000000000018e98       0x5c ym/microbit-dal/source/microbit-dal.a(MicroBitHeapAllocator.cpp.obj)
                0x0000000000018e98                microbit_create_heap(unsigned long, unsigned long)
 .text.microbit_alloc
                0x0000000000018ef4       0x68 ym/microbit-dal/source/microbit-dal.a(MicroBitHeapAllocator.cpp.obj)
                0x0000000000018ef4                microbit_alloc
                0x0000000000018ef4                malloc
 .text.microbit_free
                0x0000000000018f5c       0x50 ym/microbit-dal/source/microbit-dal.a(MicroBitHeapAllocator.cpp.obj)
                0x0000000000018f5c                microbit_free
                0x0000000000018f5c                free
 .text._Z23system_timer_set_periodi
                0x0000000000018fac       0x44 ym/microbit-dal/source/microbit-dal.a(MicroBitSystemTimer.cpp.obj)
                0x0000000000018fac                system_timer_set_period(int)
 .text._Z17system_timer_initi
                0x0000000000018ff0       0x54 ym/microbit-dal/source/microbit-dal.a(MicroBitSystemTimer.cpp.obj)
                0x0000000000018ff0                system_timer_init(int)
 .text._Z23system_timer_get_periodv
                0x0000000000019044        0xc ym/microbit-dal/source/microbit-dal.a(MicroBitSystemTimer.cpp.obj)
                0x0000000000019044                system_timer_get_period()
 .text._Z11update_timev
                0x0000000000019050       0x44 ym/microbit-dal/source/microbit-dal.a(MicroBitSystemTimer.cpp.obj)
                0x0000000000019050                update_time()
 .text._Z17system_timer_tickv
                0x0000000000019094       0x24 ym/microbit-dal/source/microbit-dal.a(MicroBitSystemTimer.cpp.obj)
                0x0000000000019094                system_timer_tick()
 .text._Z25system_timer_current_timev
                0x00000000000190b8       0x1c ym/microbit-dal/source/microbit-dal.a(MicroBitSystemTimer.cpp.obj)
                0x00000000000190b8                system_timer_current_time()
 .text._Z28system_timer_current_time_usv
                0x00000000000190d4       0x14 ym/microbit-dal/source/microbit-dal.a(MicroBitSystemTimer.cpp.obj)
                0x00000000000190d4                system_timer_current_time_us()
 .text._Z26system_timer_add_componentP17MicroBitComponent
                0x00000000000190e8       0x3c ym/microbit-dal/source/microbit-dal.a(MicroBitSystemTimer.cpp.obj)
                0x00000000000190e8                system_timer_add_component(MicroBitComponent*)
 .text._Z29system_timer_remove_componentP17MicroBitComponent
                0x0000000000019124       0x1c ym/microbit-dal/source/microbit-dal.a(MicroBitSystemTimer.cpp.obj)
                0x0000000000019124                system_timer_remove_component(MicroBitComponent*)
 .text._ZN13ManagedStringC2EPKc
                0x0000000000019140       0x20 ym/microbit-dal/source/microbit-dal.a(ManagedString.cpp.obj)
                0x0000000000019140                ManagedString::ManagedString(char const*)
                0x0000000000019140                ManagedString::ManagedString(char const*)
 .text._ZN13ManagedStringC2EPKcs
                0x0000000000019160       0x54 ym/microbit-dal/source/microbit-dal.a(ManagedString.cpp.obj)
                0x0000000000019160                ManagedString::ManagedString(char const*, short)
                0x0000000000019160                ManagedString::ManagedString(char const*, short)
 .text._ZN13ManagedStringC2Ev
                0x00000000000191b4        0xc ym/microbit-dal/source/microbit-dal.a(ManagedString.cpp.obj)
                0x00000000000191b4                ManagedString::ManagedString()
                0x00000000000191b4                ManagedString::ManagedString()
 .text.startup._GLOBAL__sub_I__ZN13ManagedString9initEmptyEv
                0x00000000000191c0       0x28 ym/microbit-dal/source/microbit-dal.a(ManagedString.cpp.obj)
 .text._ZN13MicroBitEvent4fireEv
                0x00000000000191e8       0x28 ym/microbit-dal/source/microbit-dal.a(MicroBitEvent.cpp.obj)
                0x00000000000191e8                MicroBitEvent::fire()
 .text._ZN13MicroBitImageC2Ev
                0x0000000000019210        0xc ym/microbit-dal/source/microbit-dal.a(MicroBitImage.cpp.obj)
                0x0000000000019210                MicroBitImage::MicroBitImage()
                0x0000000000019210                MicroBitImage::MicroBitImage()
 .text._ZN13MicroBitImageC2EP9ImageData
                0x000000000001921c       0x1c ym/microbit-dal/source/microbit-dal.a(MicroBitImage.cpp.obj)
                0x000000000001921c                MicroBitImage::MicroBitImage(ImageData*)
                0x000000000001921c                MicroBitImage::MicroBitImage(ImageData*)
 .text._ZN13MicroBitImage13setPixelValueEssh
                0x0000000000019238       0x2c ym/microbit-dal/source/microbit-dal.a(MicroBitImage.cpp.obj)
                0x0000000000019238                MicroBitImage::setPixelValue(short, short, unsigned char)
 .text._ZN13MicroBitImage10printImageEssPKh
                0x0000000000019264       0x60 ym/microbit-dal/source/microbit-dal.a(MicroBitImage.cpp.obj)
                0x0000000000019264                MicroBitImage::printImage(short, short, unsigned char const*)
 .text._ZN13MicroBitImage4initEssPKh
                0x00000000000192c4       0x4c ym/microbit-dal/source/microbit-dal.a(MicroBitImage.cpp.obj)
                0x00000000000192c4                MicroBitImage::init(short, short, unsigned char const*)
 .text._ZN13MicroBitImageC2EPKc
                0x0000000000019310       0xa0 ym/microbit-dal/source/microbit-dal.a(MicroBitImage.cpp.obj)
                0x0000000000019310                MicroBitImage::MicroBitImage(char const*)
                0x0000000000019310                MicroBitImage::MicroBitImage(char const*)
 .text._ZN13MicroBitImage5printEcss
                0x00000000000193b0       0x8c ym/microbit-dal/source/microbit-dal.a(MicroBitImage.cpp.obj)
                0x00000000000193b0                MicroBitImage::print(char, short, short)
 .text._ZN13MicroBitImage9shiftLeftEs
                0x000000000001943c       0x50 ym/microbit-dal/source/microbit-dal.a(MicroBitImage.cpp.obj)
                0x000000000001943c                MicroBitImage::shiftLeft(short)
 .text.startup._GLOBAL__sub_I__ZN13MicroBitImage10EmptyImageE
                0x000000000001948c       0x28 ym/microbit-dal/source/microbit-dal.a(MicroBitImage.cpp.obj)
 .text.startup._GLOBAL__sub_I__ZN12PacketBuffer11EmptyPacketE
                0x00000000000194b4       0x24 ym/microbit-dal/source/microbit-dal.a(PacketBuffer.cpp.obj)
 .text._ZL16isReadOnlyInlineP10RefCounted.isra.0
                0x00000000000194d8       0x24 ym/microbit-dal/source/microbit-dal.a(RefCounted.cpp.obj)
 .text._ZN21MicroBitAccelerometer9configureEv
                0x00000000000194fc        0x8 ym/microbit-dal/source/microbit-dal.a(MicroBitAccelerometer.cpp.obj)
                0x00000000000194fc                MicroBitAccelerometer::configure()
 .text._ZN21MicroBitAccelerometer13requestUpdateEv
                0x0000000000019504       0x10 ym/microbit-dal/source/microbit-dal.a(MicroBitAccelerometer.cpp.obj)
                0x0000000000019504                MicroBitAccelerometer::requestUpdate()
 .text._ZN21MicroBitAccelerometerC2ER15CoordinateSpacet
                0x0000000000019514       0x50 ym/microbit-dal/source/microbit-dal.a(MicroBitAccelerometer.cpp.obj)
                0x0000000000019514                MicroBitAccelerometer::MicroBitAccelerometer(CoordinateSpace&, unsigned short)
                0x0000000000019514                MicroBitAccelerometer::MicroBitAccelerometer(CoordinateSpace&, unsigned short)
 .text._ZN21MicroBitAccelerometer10autoDetectER11MicroBitI2C
                0x0000000000019564      0x168 ym/microbit-dal/source/microbit-dal.a(MicroBitAccelerometer.cpp.obj)
                0x0000000000019564                MicroBitAccelerometer::autoDetect(MicroBitI2C&)
 .text._ZN21MicroBitAccelerometer20instantaneousPostureEv
                0x00000000000196cc      0x19c ym/microbit-dal/source/microbit-dal.a(MicroBitAccelerometer.cpp.obj)
                0x00000000000196cc                MicroBitAccelerometer::instantaneousPosture()
 .text._ZN14MicroBitButton10systemTickEv
                0x0000000000019868       0xd8 ym/microbit-dal/source/microbit-dal.a(MicroBitButton.cpp.obj)
                0x0000000000019868                MicroBitButton::systemTick()
 .text._ZN14MicroBitButtonD2Ev
                0x0000000000019940       0x18 ym/microbit-dal/source/microbit-dal.a(MicroBitButton.cpp.obj)
                0x0000000000019940                MicroBitButton::~MicroBitButton()
                0x0000000000019940                MicroBitButton::~MicroBitButton()
 .text._ZN14MicroBitButtonC2E7PinNamet32MicroBitButtonEventConfiguration7PinMode
                0x0000000000019958       0x58 ym/microbit-dal/source/microbit-dal.a(MicroBitButton.cpp.obj)
                0x0000000000019958                MicroBitButton::MicroBitButton(PinName, unsigned short, MicroBitButtonEventConfiguration, PinMode)
                0x0000000000019958                MicroBitButton::MicroBitButton(PinName, unsigned short, MicroBitButtonEventConfiguration, PinMode)
 .text._ZN15MicroBitCompass9configureEv
                0x00000000000199b0        0x8 ym/microbit-dal/source/microbit-dal.a(MicroBitCompass.cpp.obj)
                0x00000000000199b0                MicroBitCompass::configure()
 .text._ZN15MicroBitCompass13requestUpdateEv
                0x00000000000199b8       0x10 ym/microbit-dal/source/microbit-dal.a(MicroBitCompass.cpp.obj)
                0x00000000000199b8                MicroBitCompass::requestUpdate()
 .text._ZN15MicroBitCompassC2ER15CoordinateSpacet
                0x00000000000199c8       0x44 ym/microbit-dal/source/microbit-dal.a(MicroBitCompass.cpp.obj)
                0x00000000000199c8                MicroBitCompass::MicroBitCompass(CoordinateSpace&, unsigned short)
                0x00000000000199c8                MicroBitCompass::MicroBitCompass(CoordinateSpace&, unsigned short)
 .text._ZN15MicroBitCompass10autoDetectER11MicroBitI2C
                0x0000000000019a0c      0x160 ym/microbit-dal/source/microbit-dal.a(MicroBitCompass.cpp.obj)
                0x0000000000019a0c                MicroBitCompass::autoDetect(MicroBitI2C&)
 .text._ZN10EventModel6listenI25MicroBitCompassCalibratorEEittPT_MS2_Fv13MicroBitEventEt.isra.0
                0x0000000000019b6c       0xa4 ym/microbit-dal/source/microbit-dal.a(MicroBitCompassCalibrator.cpp.obj)
 .text._ZN25MicroBitCompassCalibratorC2ER15MicroBitCompassR21MicroBitAccelerometerR15MicroBitDisplayR15MicroBitStorage
                0x0000000000019c10       0x80 ym/microbit-dal/source/microbit-dal.a(MicroBitCompassCalibrator.cpp.obj)
                0x0000000000019c10                MicroBitCompassCalibrator::MicroBitCompassCalibrator(MicroBitCompass&, MicroBitAccelerometer&, MicroBitDisplay&, MicroBitStorage&)
                0x0000000000019c10                MicroBitCompassCalibrator::MicroBitCompassCalibrator(MicroBitCompass&, MicroBitAccelerometer&, MicroBitDisplay&, MicroBitStorage&)
 .text._ZN25MicroBitCompassCalibrator11calibrateUXE13MicroBitEvent
                0x0000000000019c90      0x298 ym/microbit-dal/source/microbit-dal.a(MicroBitCompassCalibrator.cpp.obj)
                0x0000000000019c90                MicroBitCompassCalibrator::calibrateUX(MicroBitEvent)
 .text._ZN15MicroBitDisplay15renderGreyscaleEv
                0x0000000000019f28       0xfc ym/microbit-dal/source/microbit-dal.a(MicroBitDisplay.cpp.obj)
                0x0000000000019f28                MicroBitDisplay::renderGreyscale()
 .text._ZN15MicroBitDisplayD2Ev
                0x000000000001a024       0x50 ym/microbit-dal/source/microbit-dal.a(MicroBitDisplay.cpp.obj)
                0x000000000001a024                MicroBitDisplay::~MicroBitDisplay()
                0x000000000001a024                MicroBitDisplay::~MicroBitDisplay()
 .text._ZN15MicroBitDisplayC2EtRK9MatrixMap
                0x000000000001a074       0xd8 ym/microbit-dal/source/microbit-dal.a(MicroBitDisplay.cpp.obj)
                0x000000000001a074                MicroBitDisplay::MicroBitDisplay(unsigned short, MatrixMap const&)
                0x000000000001a074                MicroBitDisplay::MicroBitDisplay(unsigned short, MatrixMap const&)
 .text._ZN15MicroBitDisplay6renderEv
                0x000000000001a14c       0xf8 ym/microbit-dal/source/microbit-dal.a(MicroBitDisplay.cpp.obj)
                0x000000000001a14c                MicroBitDisplay::render()
 .text._ZN15MicroBitDisplay26sendAnimationCompleteEventEv
                0x000000000001a244       0x24 ym/microbit-dal/source/microbit-dal.a(MicroBitDisplay.cpp.obj)
                0x000000000001a244                MicroBitDisplay::sendAnimationCompleteEvent()
 .text._ZN15MicroBitDisplay13stopAnimationEv
                0x000000000001a268       0x38 ym/microbit-dal/source/microbit-dal.a(MicroBitDisplay.cpp.obj)
                0x000000000001a268                MicroBitDisplay::stopAnimation()
 .text._ZN15MicroBitDisplay18waitForFreeDisplayEv
                0x000000000001a2a0       0x24 ym/microbit-dal/source/microbit-dal.a(MicroBitDisplay.cpp.obj)
                0x000000000001a2a0                MicroBitDisplay::waitForFreeDisplay()
 .text._ZN15MicroBitDisplay9fiberWaitEv
                0x000000000001a2c4       0x2c ym/microbit-dal/source/microbit-dal.a(MicroBitDisplay.cpp.obj)
                0x000000000001a2c4                MicroBitDisplay::fiberWait()
 .text._ZN15MicroBitDisplay10printAsyncE13MicroBitImageiiii
                0x000000000001a2f0       0x54 ym/microbit-dal/source/microbit-dal.a(MicroBitDisplay.cpp.obj)
                0x000000000001a2f0                MicroBitDisplay::printAsync(MicroBitImage, int, int, int, int)
 .text._ZN15MicroBitDisplay5printE13MicroBitImageiiii
                0x000000000001a344       0x68 ym/microbit-dal/source/microbit-dal.a(MicroBitDisplay.cpp.obj)
                0x000000000001a344                MicroBitDisplay::print(MicroBitImage, int, int, int, int)
 .text._ZN15MicroBitDisplay11scrollAsyncE13ManagedStringi
                0x000000000001a3ac       0x54 ym/microbit-dal/source/microbit-dal.a(MicroBitDisplay.cpp.obj)
                0x000000000001a3ac                MicroBitDisplay::scrollAsync(ManagedString, int)
 .text._ZN15MicroBitDisplay12animateAsyncE13MicroBitImageiiii
                0x000000000001a400       0x74 ym/microbit-dal/source/microbit-dal.a(MicroBitDisplay.cpp.obj)
                0x000000000001a400                MicroBitDisplay::animateAsync(MicroBitImage, int, int, int, int)
 .text._ZN15MicroBitDisplay7animateE13MicroBitImageiiii
                0x000000000001a474       0x60 ym/microbit-dal/source/microbit-dal.a(MicroBitDisplay.cpp.obj)
                0x000000000001a474                MicroBitDisplay::animate(MicroBitImage, int, int, int, int)
 .text._ZN15MicroBitDisplay13setBrightnessEi
                0x000000000001a4d4       0x14 ym/microbit-dal/source/microbit-dal.a(MicroBitDisplay.cpp.obj)
                0x000000000001a4d4                MicroBitDisplay::setBrightness(int)
 .text._ZN11MicroBitI2C4readEiPcib
                0x000000000001a4e8       0x20 ym/microbit-dal/source/microbit-dal.a(MicroBitI2C.cpp.obj)
                0x000000000001a4e8                MicroBitI2C::read(int, char*, int, bool)
 .text._ZN11MicroBitI2C5writeEiPKcib
                0x000000000001a508       0x20 ym/microbit-dal/source/microbit-dal.a(MicroBitI2C.cpp.obj)
                0x000000000001a508                MicroBitI2C::write(int, char const*, int, bool)
 .text._ZN11MicroBitI2C12readRegisterEhhPhi
                0x000000000001a528       0x4c ym/microbit-dal/source/microbit-dal.a(MicroBitI2C.cpp.obj)
                0x000000000001a528                MicroBitI2C::readRegister(unsigned char, unsigned char, unsigned char*, int)
 .text._ZN18MicroBitMessageBus6removeEP16MicroBitListener
                0x000000000001a574       0x94 ym/microbit-dal/source/microbit-dal.a(MicroBitMessageBus.cpp.obj)
                0x000000000001a574                MicroBitMessageBus::remove(MicroBitListener*)
 .text._ZN18MicroBitMessageBus3addEP16MicroBitListener
                0x000000000001a608       0xd8 ym/microbit-dal/source/microbit-dal.a(MicroBitMessageBus.cpp.obj)
                0x000000000001a608                MicroBitMessageBus::add(MicroBitListener*)
 .text._ZN18MicroBitMessageBusD2Ev
                0x000000000001a6e0       0x20 ym/microbit-dal/source/microbit-dal.a(MicroBitMessageBus.cpp.obj)
                0x000000000001a6e0                MicroBitMessageBus::~MicroBitMessageBus()
                0x000000000001a6e0                MicroBitMessageBus::~MicroBitMessageBus()
 .text._ZThn8_N18MicroBitMessageBusD1Ev
                0x000000000001a700       0x10 ym/microbit-dal/source/microbit-dal.a(MicroBitMessageBus.cpp.obj)
                0x000000000001a700                non-virtual thunk to MicroBitMessageBus::~MicroBitMessageBus()
 .text._ZThn8_N18MicroBitMessageBusD0Ev
                0x000000000001a710       0x10 ym/microbit-dal/source/microbit-dal.a(MicroBitMessageBus.cpp.obj)
                0x000000000001a710                non-virtual thunk to MicroBitMessageBus::~MicroBitMessageBus()
 .text._ZN18MicroBitMessageBusC2Ev
                0x000000000001a720       0x3c ym/microbit-dal/source/microbit-dal.a(MicroBitMessageBus.cpp.obj)
                0x000000000001a720                MicroBitMessageBus::MicroBitMessageBus()
                0x000000000001a720                MicroBitMessageBus::MicroBitMessageBus()
 .text._ZN18MicroBitMessageBus7processE13MicroBitEventb
                0x000000000001a75c       0x98 ym/microbit-dal/source/microbit-dal.a(MicroBitMessageBus.cpp.obj)
                0x000000000001a75c                MicroBitMessageBus::process(MicroBitEvent, bool)
 .text._ZThn8_N18MicroBitMessageBus8idleTickEv
                0x000000000001a7f4       0x10 ym/microbit-dal/source/microbit-dal.a(MicroBitMessageBus.cpp.obj)
                0x000000000001a7f4                non-virtual thunk to MicroBitMessageBus::idleTick()
 .text.startup._GLOBAL__sub_I__ZN18MicroBitMessageBusC2Ev
                0x000000000001a804       0x10 ym/microbit-dal/source/microbit-dal.a(MicroBitMessageBus.cpp.obj)
 .text._ZN10EventModel6listenI19MicroBitMultiButtonEEittPT_MS2_Fv13MicroBitEventEt.isra.0
                0x000000000001a814       0xa4 ym/microbit-dal/source/microbit-dal.a(MicroBitMultiButton.cpp.obj)
 .text._ZN19MicroBitMultiButtonC2Ettt
                0x000000000001a8b8       0x70 ym/microbit-dal/source/microbit-dal.a(MicroBitMultiButton.cpp.obj)
                0x000000000001a8b8                MicroBitMultiButton::MicroBitMultiButton(unsigned short, unsigned short, unsigned short)
                0x000000000001a8b8                MicroBitMultiButton::MicroBitMultiButton(unsigned short, unsigned short, unsigned short)
 .text._ZN11MicroBitPinC2Ei7PinName13PinCapability
                0x000000000001a928       0x1c ym/microbit-dal/source/microbit-dal.a(MicroBitPin.cpp.obj)
                0x000000000001a928                MicroBitPin::MicroBitPin(int, PinName, PinCapability)
                0x000000000001a928                MicroBitPin::MicroBitPin(int, PinName, PinCapability)
 .text._ZN11MicroBitPin10disconnectEv
                0x000000000001a944       0x88 ym/microbit-dal/source/microbit-dal.a(MicroBitPin.cpp.obj)
                0x000000000001a944                MicroBitPin::disconnect()
 .text._ZN11MicroBitPin15getDigitalValueEv
                0x000000000001a9cc       0x70 ym/microbit-dal/source/microbit-dal.a(MicroBitPin.cpp.obj)
                0x000000000001a9cc                MicroBitPin::getDigitalValue()
 .text._ZN11MicroBitPin7setPullE7PinMode
                0x000000000001aa3c       0x2c ym/microbit-dal/source/microbit-dal.a(MicroBitPin.cpp.obj)
                0x000000000001aa3c                MicroBitPin::setPull(PinMode)
 .text._ZN13MicroBitRadioC2Et
                0x000000000001aa68       0x40 ym/microbit-dal/source/microbit-dal.a(MicroBitRadio.cpp.obj)
                0x000000000001aa68                MicroBitRadio::MicroBitRadio(unsigned short)
                0x000000000001aa68                MicroBitRadio::MicroBitRadio(unsigned short)
 .text._ZN13MicroBitRadio7setRSSIEi
                0x000000000001aaa8       0x14 ym/microbit-dal/source/microbit-dal.a(MicroBitRadio.cpp.obj)
                0x000000000001aaa8                MicroBitRadio::setRSSI(int)
 .text._ZN13MicroBitRadio7getRSSIEv
                0x000000000001aabc       0x14 ym/microbit-dal/source/microbit-dal.a(MicroBitRadio.cpp.obj)
                0x000000000001aabc                MicroBitRadio::getRSSI()
 .text._ZN13MicroBitRadio10queueRxBufEv
                0x000000000001aad0       0x60 ym/microbit-dal/source/microbit-dal.a(MicroBitRadio.cpp.obj)
                0x000000000001aad0                MicroBitRadio::queueRxBuf()
 .text.RADIO_IRQHandler
                0x000000000001ab30       0x64 ym/microbit-dal/source/microbit-dal.a(MicroBitRadio.cpp.obj)
                0x000000000001ab30                RADIO_IRQHandler
 .text._ZN13MicroBitRadio4recvEv
                0x000000000001ab94       0x28 ym/microbit-dal/source/microbit-dal.a(MicroBitRadio.cpp.obj)
                0x000000000001ab94                MicroBitRadio::recv()
 .text._ZN14MicroBitSerial4baudEi
                0x000000000001abbc       0x14 ym/microbit-dal/source/microbit-dal.a(MicroBitSerial.cpp.obj)
                0x000000000001abbc                MicroBitSerial::baud(int)
 .text._ZN14MicroBitSerialC2E7PinNameS0_hh
                0x000000000001abd0       0x50 ym/microbit-dal/source/microbit-dal.a(MicroBitSerial.cpp.obj)
                0x000000000001abd0                MicroBitSerial::MicroBitSerial(PinName, PinName, unsigned char, unsigned char)
                0x000000000001abd0                MicroBitSerial::MicroBitSerial(PinName, PinName, unsigned char, unsigned char)
 .text._ZN15MicroBitStorage4sizeEv
                0x000000000001ac20       0x60 ym/microbit-dal/source/microbit-dal.a(MicroBitStorage.cpp.obj)
                0x000000000001ac20                MicroBitStorage::size()
 .text._ZN15MicroBitStorage3putEPKcPhi
                0x000000000001ac80      0x1ac ym/microbit-dal/source/microbit-dal.a(MicroBitStorage.cpp.obj)
                0x000000000001ac80                MicroBitStorage::put(char const*, unsigned char*, int)
 .text._ZN15MicroBitStorage6removeEPKc
                0x000000000001ae2c       0xdc ym/microbit-dal/source/microbit-dal.a(MicroBitStorage.cpp.obj)
                0x000000000001ae2c                MicroBitStorage::remove(char const*)
 .text._ZN19MicroBitThermometerC2ER15MicroBitStoraget
                0x000000000001af08       0x48 ym/microbit-dal/source/microbit-dal.a(MicroBitThermometer.cpp.obj)
                0x000000000001af08                MicroBitThermometer::MicroBitThermometer(MicroBitStorage&, unsigned short)
                0x000000000001af08                MicroBitThermometer::MicroBitThermometer(MicroBitStorage&, unsigned short)
 .text._ZN19MicroBitThermometerC2Et
                0x000000000001af50       0x20 ym/microbit-dal/source/microbit-dal.a(MicroBitThermometer.cpp.obj)
                0x000000000001af50                MicroBitThermometer::MicroBitThermometer(unsigned short)
                0x000000000001af50                MicroBitThermometer::MicroBitThermometer(unsigned short)
 .text._ZN19MicroBitThermometer12updateSampleEv
                0x000000000001af70       0x8c ym/microbit-dal/source/microbit-dal.a(MicroBitThermometer.cpp.obj)
                0x000000000001af70                MicroBitThermometer::updateSample()
 .text._ZL18nvmc_event_handlerm
                0x000000000001affc       0x10 ym/microbit-dal/source/microbit-dal.a(MicroBitFlash.cpp.obj)
 .text._ZN13MicroBitFlashC2Ev
                0x000000000001b00c       0x24 ym/microbit-dal/source/microbit-dal.a(MicroBitFlash.cpp.obj)
                0x000000000001b00c                MicroBitFlash::MicroBitFlash()
                0x000000000001b00c                MicroBitFlash::MicroBitFlash()
 .text._ZN13MicroBitFlash10erase_pageEPm
                0x000000000001b030       0x68 ym/microbit-dal/source/microbit-dal.a(MicroBitFlash.cpp.obj)
                0x000000000001b030                MicroBitFlash::erase_page(unsigned long*)
 .text._ZN13MicroBitFlash10flash_burnEPmS0_i
                0x000000000001b098       0x80 ym/microbit-dal/source/microbit-dal.a(MicroBitFlash.cpp.obj)
                0x000000000001b098                MicroBitFlash::flash_burn(unsigned long*, unsigned long*, int)
 .text._ZThn68_N8FXOS87008idleTickEv
                0x000000000001b118       0x10 ym/microbit-dal/source/microbit-dal.a(FXOS8700.cpp.obj)
                0x000000000001b118                non-virtual thunk to FXOS8700::idleTick()
 .text._ZN8FXOS87009configureEv
                0x000000000001b128       0xe4 ym/microbit-dal/source/microbit-dal.a(FXOS8700.cpp.obj)
                0x000000000001b128                FXOS8700::configure()
 .text._ZThn68_N8FXOS87009configureEv
                0x000000000001b20c       0x10 ym/microbit-dal/source/microbit-dal.a(FXOS8700.cpp.obj)
                0x000000000001b20c                non-virtual thunk to FXOS8700::configure()
 .text._ZN8FXOS8700D2Ev
                0x000000000001b21c       0x24 ym/microbit-dal/source/microbit-dal.a(FXOS8700.cpp.obj)
                0x000000000001b21c                FXOS8700::~FXOS8700()
                0x000000000001b21c                FXOS8700::~FXOS8700()
 .text._ZThn68_N8FXOS8700D1Ev
                0x000000000001b240       0x10 ym/microbit-dal/source/microbit-dal.a(FXOS8700.cpp.obj)
                0x000000000001b240                non-virtual thunk to FXOS8700::~FXOS8700()
 .text._ZThn68_N8FXOS8700D0Ev
                0x000000000001b250       0x10 ym/microbit-dal/source/microbit-dal.a(FXOS8700.cpp.obj)
                0x000000000001b250                non-virtual thunk to FXOS8700::~FXOS8700()
 .text._ZN8FXOS870013requestUpdateEv
                0x000000000001b260       0xfc ym/microbit-dal/source/microbit-dal.a(FXOS8700.cpp.obj)
                0x000000000001b260                FXOS8700::requestUpdate()
 .text._ZThn68_N8FXOS870013requestUpdateEv
                0x000000000001b35c       0x10 ym/microbit-dal/source/microbit-dal.a(FXOS8700.cpp.obj)
                0x000000000001b35c                non-virtual thunk to FXOS8700::requestUpdate()
 .text._ZN8FXOS8700C2ER11MicroBitI2C11MicroBitPinR15CoordinateSpacettt
                0x000000000001b36c       0x80 ym/microbit-dal/source/microbit-dal.a(FXOS8700.cpp.obj)
                0x000000000001b36c                FXOS8700::FXOS8700(MicroBitI2C&, MicroBitPin, CoordinateSpace&, unsigned short, unsigned short, unsigned short)
                0x000000000001b36c                FXOS8700::FXOS8700(MicroBitI2C&, MicroBitPin, CoordinateSpace&, unsigned short, unsigned short, unsigned short)
 .text._ZN7MMA86539configureEv
                0x000000000001b3ec       0xb0 ym/microbit-dal/source/microbit-dal.a(MMA8653.cpp.obj)
                0x000000000001b3ec                MMA8653::configure()
 .text._ZN7MMA8653D2Ev
                0x000000000001b49c       0x18 ym/microbit-dal/source/microbit-dal.a(MMA8653.cpp.obj)
                0x000000000001b49c                MMA8653::~MMA8653()
                0x000000000001b49c                MMA8653::~MMA8653()
 .text._ZN7MMA865313requestUpdateEv
                0x000000000001b4b4       0x78 ym/microbit-dal/source/microbit-dal.a(MMA8653.cpp.obj)
                0x000000000001b4b4                MMA8653::requestUpdate()
 .text._ZN7MMA8653C2ER11MicroBitI2C11MicroBitPinR15CoordinateSpacett
                0x000000000001b52c       0x5c ym/microbit-dal/source/microbit-dal.a(MMA8653.cpp.obj)
                0x000000000001b52c                MMA8653::MMA8653(MicroBitI2C&, MicroBitPin, CoordinateSpace&, unsigned short, unsigned short)
                0x000000000001b52c                MMA8653::MMA8653(MicroBitI2C&, MicroBitPin, CoordinateSpace&, unsigned short, unsigned short)
 .text._ZN7MAG3110D2Ev
                0x000000000001b588       0x18 ym/microbit-dal/source/microbit-dal.a(MAG3110.cpp.obj)
                0x000000000001b588                MAG3110::~MAG3110()
                0x000000000001b588                MAG3110::~MAG3110()
 .text._ZN7MAG31109configureEv
                0x000000000001b5a0       0xa4 ym/microbit-dal/source/microbit-dal.a(MAG3110.cpp.obj)
                0x000000000001b5a0                MAG3110::configure()
 .text._ZN7MAG311013requestUpdateEv
                0x000000000001b644       0x90 ym/microbit-dal/source/microbit-dal.a(MAG3110.cpp.obj)
                0x000000000001b644                MAG3110::requestUpdate()
 .text._ZN7MAG3110C2ER11MicroBitI2C11MicroBitPinR15CoordinateSpacett
                0x000000000001b6d4       0x54 ym/microbit-dal/source/microbit-dal.a(MAG3110.cpp.obj)
                0x000000000001b6d4                MAG3110::MAG3110(MicroBitI2C&, MicroBitPin, CoordinateSpace&, unsigned short, unsigned short)
                0x000000000001b6d4                MAG3110::MAG3110(MicroBitI2C&, MicroBitPin, CoordinateSpace&, unsigned short, unsigned short)
 .text._ZN19LSM303Accelerometer9configureEv
                0x000000000001b728       0xa0 ym/microbit-dal/source/microbit-dal.a(LSM303Accelerometer.cpp.obj)
                0x000000000001b728                LSM303Accelerometer::configure()
 .text._ZN19LSM303AccelerometerD2Ev
                0x000000000001b7c8       0x18 ym/microbit-dal/source/microbit-dal.a(LSM303Accelerometer.cpp.obj)
                0x000000000001b7c8                LSM303Accelerometer::~LSM303Accelerometer()
                0x000000000001b7c8                LSM303Accelerometer::~LSM303Accelerometer()
 .text._ZN19LSM303Accelerometer13requestUpdateEv
                0x000000000001b7e0       0x94 ym/microbit-dal/source/microbit-dal.a(LSM303Accelerometer.cpp.obj)
                0x000000000001b7e0                LSM303Accelerometer::requestUpdate()
 .text._ZN19LSM303AccelerometerC2ER11MicroBitI2C11MicroBitPinR15CoordinateSpacett
                0x000000000001b874       0x5c ym/microbit-dal/source/microbit-dal.a(LSM303Accelerometer.cpp.obj)
                0x000000000001b874                LSM303Accelerometer::LSM303Accelerometer(MicroBitI2C&, MicroBitPin, CoordinateSpace&, unsigned short, unsigned short)
                0x000000000001b874                LSM303Accelerometer::LSM303Accelerometer(MicroBitI2C&, MicroBitPin, CoordinateSpace&, unsigned short, unsigned short)
 .text._ZN18LSM303Magnetometer9configureEv
                0x000000000001b8d0       0x60 ym/microbit-dal/source/microbit-dal.a(LSM303Magnetometer.cpp.obj)
                0x000000000001b8d0                LSM303Magnetometer::configure()
 .text._ZN18LSM303MagnetometerD2Ev
                0x000000000001b930       0x18 ym/microbit-dal/source/microbit-dal.a(LSM303Magnetometer.cpp.obj)
                0x000000000001b930                LSM303Magnetometer::~LSM303Magnetometer()
                0x000000000001b930                LSM303Magnetometer::~LSM303Magnetometer()
 .text._ZN18LSM303Magnetometer13requestUpdateEv
                0x000000000001b948       0x70 ym/microbit-dal/source/microbit-dal.a(LSM303Magnetometer.cpp.obj)
                0x000000000001b948                LSM303Magnetometer::requestUpdate()
 .text._ZN18LSM303MagnetometerC2ER11MicroBitI2C11MicroBitPinR15CoordinateSpacett
                0x000000000001b9b8       0x54 ym/microbit-dal/source/microbit-dal.a(LSM303Magnetometer.cpp.obj)
                0x000000000001b9b8                LSM303Magnetometer::LSM303Magnetometer(MicroBitI2C&, MicroBitPin, CoordinateSpace&, unsigned short, unsigned short)
                0x000000000001b9b8                LSM303Magnetometer::LSM303Magnetometer(MicroBitI2C&, MicroBitPin, CoordinateSpace&, unsigned short, unsigned short)
 .text._ZN18MicroBitBLEManagerD2Ev
                0x000000000001ba0c       0x20 ym/microbit-dal/source/microbit-dal.a(MicroBitBLEManager.cpp.obj)
                0x000000000001ba0c                MicroBitBLEManager::~MicroBitBLEManager()
                0x000000000001ba0c                MicroBitBLEManager::~MicroBitBLEManager()
 .text._ZL25bleSysAttrMissingCallbackPK32GattSysAttrMissingCallbackParams
                0x000000000001ba2c       0xc8 ym/microbit-dal/source/microbit-dal.a(MicroBitBLEManager.cpp.obj)
 .text._ZN18MicroBitBLEManager8idleTickEv
                0x000000000001baf4      0x110 ym/microbit-dal/source/microbit-dal.a(MicroBitBLEManager.cpp.obj)
                0x000000000001baf4                MicroBitBLEManager::idleTick()
 .text._ZN18GattCharacteristicC2ERK4UUIDPhtthPP13GattAttributejb
                0x000000000001bc04       0x8c ym/microbit-dal/source/microbit-dal.a(MicroBitBLEManager.cpp.obj)
                0x000000000001bc04                GattCharacteristic::GattCharacteristic(UUID const&, unsigned char*, unsigned short, unsigned short, unsigned char, GattAttribute**, unsigned int, bool)
                0x000000000001bc04                GattCharacteristic::GattCharacteristic(UUID const&, unsigned char*, unsigned short, unsigned short, unsigned char, GattAttribute**, unsigned int, bool)
 .text._ZN3BLE22setAdvertisingIntervalEt
                0x000000000001bc90       0x3c ym/microbit-dal/source/microbit-dal.a(MicroBitBLEManager.cpp.obj)
                0x000000000001bc90                BLE::setAdvertisingInterval(unsigned short)
 .text._ZN24DeviceInformationServiceC2ER3BLEPKcS3_S3_S3_S3_S3_
                0x000000000001bccc      0x1dc ym/microbit-dal/source/microbit-dal.a(MicroBitBLEManager.cpp.obj)
                0x000000000001bccc                DeviceInformationService::DeviceInformationService(BLE&, char const*, char const*, char const*, char const*, char const*, char const*)
                0x000000000001bccc                DeviceInformationService::DeviceInformationService(BLE&, char const*, char const*, char const*, char const*, char const*, char const*)
 .text._ZN18MicroBitBLEManagerC2ER15MicroBitStorage
                0x000000000001bea8       0x3c ym/microbit-dal/source/microbit-dal.a(MicroBitBLEManager.cpp.obj)
                0x000000000001bea8                MicroBitBLEManager::MicroBitBLEManager(MicroBitStorage&)
                0x000000000001bea8                MicroBitBLEManager::MicroBitBLEManager(MicroBitStorage&)
 .text._ZL24bleDisconnectionCallbackPKN3Gap29DisconnectionCallbackParams_tE
                0x000000000001bee4       0x3c ym/microbit-dal/source/microbit-dal.a(MicroBitBLEManager.cpp.obj)
 .text._ZN18MicroBitBLEManager16setTransmitPowerEi
                0x000000000001bf20       0x3c ym/microbit-dal/source/microbit-dal.a(MicroBitBLEManager.cpp.obj)
                0x000000000001bf20                MicroBitBLEManager::setTransmitPower(int)
 .text._ZN18MicroBitBLEManager4initE13ManagedStringS0_R10EventModelb
                0x000000000001bf5c      0x2c4 ym/microbit-dal/source/microbit-dal.a(MicroBitBLEManager.cpp.obj)
                0x000000000001bf5c                MicroBitBLEManager::init(ManagedString, ManagedString, EventModel&, bool)
 .text._ZL22passkeyDisplayCallbacktPKh
                0x000000000001c220       0x34 ym/microbit-dal/source/microbit-dal.a(MicroBitBLEManager.cpp.obj)
 .text._ZL30securitySetupCompletedCallbacktN15SecurityManager26SecurityCompletionStatus_tE
                0x000000000001c254       0x40 ym/microbit-dal/source/microbit-dal.a(MicroBitBLEManager.cpp.obj)
 .text._ZN18MicroBitBLEManager27showManagementModeAnimationER15MicroBitDisplay
                0x000000000001c294       0xa8 ym/microbit-dal/source/microbit-dal.a(MicroBitBLEManager.cpp.obj)
                0x000000000001c294                MicroBitBLEManager::showManagementModeAnimation(MicroBitDisplay&)
 .text._ZN18MicroBitBLEManager11pairingModeER15MicroBitDisplayR14MicroBitButton
                0x000000000001c33c      0x298 ym/microbit-dal/source/microbit-dal.a(MicroBitBLEManager.cpp.obj)
                0x000000000001c33c                MicroBitBLEManager::pairingMode(MicroBitDisplay&, MicroBitButton&)
 .text._ZN18MicroBitDFUServiceC2ER3BLE
                0x000000000001c5d4      0x184 ym/microbit-dal/source/microbit-dal.a(MicroBitDFUService.cpp.obj)
                0x000000000001c5d4                MicroBitDFUService::MicroBitDFUService(BLE&)
                0x000000000001c5d4                MicroBitDFUService::MicroBitDFUService(BLE&)
 .text._ZN20MicroBitEventServiceC2ER3BLER10EventModel
                0x000000000001c758      0x20c ym/microbit-dal/source/microbit-dal.a(MicroBitEventService.cpp.obj)
                0x000000000001c758                MicroBitEventService::MicroBitEventService(BLE&, EventModel&)
                0x000000000001c758                MicroBitEventService::MicroBitEventService(BLE&, EventModel&)
 .text._ZN16MicroBitListenerC2I20MicroBitEventServiceEEttPT_MS2_Fv13MicroBitEventEt
                0x000000000001c964       0x70 ym/microbit-dal/source/microbit-dal.a(MicroBitEventService.cpp.obj)
                0x000000000001c964                MicroBitListener::MicroBitListener<MicroBitEventService>(unsigned short, unsigned short, MicroBitEventService*, void (MicroBitEventService::*)(MicroBitEvent), unsigned short)
                0x000000000001c964                MicroBitListener::MicroBitListener<MicroBitEventService>(unsigned short, unsigned short, MicroBitEventService*, void (MicroBitEventService::*)(MicroBitEvent), unsigned short)
 .text._ZN20MicroBitEventService8idleTickEv
                0x000000000001c9d4       0x58 ym/microbit-dal/source/microbit-dal.a(MicroBitEventService.cpp.obj)
                0x000000000001c9d4                MicroBitEventService::idleTick()
 .text._ZN20MicroBitEventService13onDataWrittenEPK23GattWriteCallbackParams
                0x000000000001ca2c       0x90 ym/microbit-dal/source/microbit-dal.a(MicroBitEventService.cpp.obj)
                0x000000000001ca2c                MicroBitEventService::onDataWritten(GattWriteCallbackParams const*)
 .text          0x000000000001cabc      0x124 ym/microbit-dal/source/microbit-dal.a(CortexContextSwitch.s.obj)
                0x000000000001cabc                swap_context
                0x000000000001cb3e                save_context
                0x000000000001cb82                save_register_context
                0x000000000001cbb2                restore_register_context
 .text._Z14string_reversePc
                0x000000000001cbe0       0x2c ym/microbit-dal/source/microbit-dal.a(MicroBitCompat.cpp.obj)
                0x000000000001cbe0                string_reverse(char*)
 .text._Z4itoaiPc
                0x000000000001cc0c       0x68 ym/microbit-dal/source/microbit-dal.a(MicroBitCompat.cpp.obj)
                0x000000000001cc0c                itoa(int, char*)
 .text._ZNK13KeyValueTable4findEm
                0x000000000001cc74       0x28 ym/microbit-dal/source/microbit-dal.a(MicroBitUtil.cpp.obj)
                0x000000000001cc74                KeyValueTable::find(unsigned long) const
 .text._ZN3BLEC2Ej.part.0
                0x000000000001cc9c       0x20 ym/ble/source/ble.a(BLE.cpp.obj)
 .text._ZN3BLE8InstanceEj
                0x000000000001ccbc       0x48 ym/ble/source/ble.a(BLE.cpp.obj)
                0x000000000001ccbc                BLE::Instance(unsigned int)
 .text._ZNK3BLE3gapEv
                0x000000000001cd04       0x20 ym/ble/source/ble.a(BLE.cpp.obj)
                0x000000000001cd04                BLE::gap() const
 .text._ZN3BLE3gapEv
                0x000000000001cd24       0x20 ym/ble/source/ble.a(BLE.cpp.obj)
                0x000000000001cd24                BLE::gap()
 .text._ZN3BLE10gattServerEv
                0x000000000001cd44       0x20 ym/ble/source/ble.a(BLE.cpp.obj)
                0x000000000001cd44                BLE::gattServer()
 .text._ZN3BLE15securityManagerEv
                0x000000000001cd64       0x20 ym/ble/source/ble.a(BLE.cpp.obj)
                0x000000000001cd64                BLE::securityManager()
 .text._ZNK3Gap25getMaxAdvertisingIntervalEv
                0x000000000001cd84        0x8 ym/ble-nrf51822/source/ble-nrf51822.a(nRF5xn.cpp.obj)
                0x000000000001cd84                Gap::getMaxAdvertisingInterval() const
 .text._ZN10GattClient16discoverServicesEt26FunctionPointerWithContextIPK17DiscoveredServiceERK4UUID
                0x000000000001cd8c       0x60 ym/ble-nrf51822/source/ble-nrf51822.a(nRF5xn.cpp.obj)
                0x000000000001cd8c                GattClient::discoverServices(unsigned short, FunctionPointerWithContext<DiscoveredService const*>, UUID const&)
 .text._ZNK6nRF5xn18getSecurityManagerEv
                0x000000000001cdec       0x34 ym/ble-nrf51822/source/ble-nrf51822.a(nRF5xn.cpp.obj)
                0x000000000001cdec                nRF5xn::getSecurityManager() const
 .text._ZN6nRF5xn13getGattClientEv
                0x000000000001ce20       0x48 ym/ble-nrf51822/source/ble-nrf51822.a(nRF5xn.cpp.obj)
                0x000000000001ce20                nRF5xn::getGattClient()
 .text._ZN38CallChainOfFunctionPointersWithContextIPK3GapED2Ev
                0x000000000001ce68       0x20 ym/ble-nrf51822/source/ble-nrf51822.a(nRF5xn.cpp.obj)
                0x000000000001ce68                CallChainOfFunctionPointersWithContext<Gap const*>::~CallChainOfFunctionPointersWithContext()
                0x000000000001ce68                CallChainOfFunctionPointersWithContext<Gap const*>::~CallChainOfFunctionPointersWithContext()
 .text._ZN38CallChainOfFunctionPointersWithContextIN3Gap15TimeoutSource_tEED2Ev
                0x000000000001ce88       0x20 ym/ble-nrf51822/source/ble-nrf51822.a(nRF5xn.cpp.obj)
                0x000000000001ce88                CallChainOfFunctionPointersWithContext<Gap::TimeoutSource_t>::~CallChainOfFunctionPointersWithContext()
                0x000000000001ce88                CallChainOfFunctionPointersWithContext<Gap::TimeoutSource_t>::~CallChainOfFunctionPointersWithContext()
 .text._ZN38CallChainOfFunctionPointersWithContextIPKN3Gap26ConnectionCallbackParams_tEED2Ev
                0x000000000001cea8       0x20 ym/ble-nrf51822/source/ble-nrf51822.a(nRF5xn.cpp.obj)
                0x000000000001cea8                CallChainOfFunctionPointersWithContext<Gap::ConnectionCallbackParams_t const*>::~CallChainOfFunctionPointersWithContext()
                0x000000000001cea8                CallChainOfFunctionPointersWithContext<Gap::ConnectionCallbackParams_t const*>::~CallChainOfFunctionPointersWithContext()
 .text._ZN38CallChainOfFunctionPointersWithContextIPKN3Gap29DisconnectionCallbackParams_tEED2Ev
                0x000000000001cec8       0x20 ym/ble-nrf51822/source/ble-nrf51822.a(nRF5xn.cpp.obj)
                0x000000000001cec8                CallChainOfFunctionPointersWithContext<Gap::DisconnectionCallbackParams_t const*>::~CallChainOfFunctionPointersWithContext()
                0x000000000001cec8                CallChainOfFunctionPointersWithContext<Gap::DisconnectionCallbackParams_t const*>::~CallChainOfFunctionPointersWithContext()
 .text._ZN38CallChainOfFunctionPointersWithContextIPK15SecurityManagerED2Ev
                0x000000000001cee8       0x20 ym/ble-nrf51822/source/ble-nrf51822.a(nRF5xn.cpp.obj)
                0x000000000001cee8                CallChainOfFunctionPointersWithContext<SecurityManager const*>::~CallChainOfFunctionPointersWithContext()
                0x000000000001cee8                CallChainOfFunctionPointersWithContext<SecurityManager const*>::~CallChainOfFunctionPointersWithContext()
 .text._ZN38CallChainOfFunctionPointersWithContextIPK10GattServerED2Ev
                0x000000000001cf08       0x20 ym/ble-nrf51822/source/ble-nrf51822.a(nRF5xn.cpp.obj)
                0x000000000001cf08                CallChainOfFunctionPointersWithContext<GattServer const*>::~CallChainOfFunctionPointersWithContext()
                0x000000000001cf08                CallChainOfFunctionPointersWithContext<GattServer const*>::~CallChainOfFunctionPointersWithContext()
 .text._ZN38CallChainOfFunctionPointersWithContextIjED2Ev
                0x000000000001cf28       0x20 ym/ble-nrf51822/source/ble-nrf51822.a(nRF5xn.cpp.obj)
                0x000000000001cf28                CallChainOfFunctionPointersWithContext<unsigned int>::~CallChainOfFunctionPointersWithContext()
                0x000000000001cf28                CallChainOfFunctionPointersWithContext<unsigned int>::~CallChainOfFunctionPointersWithContext()
 .text._ZN38CallChainOfFunctionPointersWithContextIPK32GattSysAttrMissingCallbackParamsED2Ev
                0x000000000001cf48       0x20 ym/ble-nrf51822/source/ble-nrf51822.a(nRF5xn.cpp.obj)
                0x000000000001cf48                CallChainOfFunctionPointersWithContext<GattSysAttrMissingCallbackParams const*>::~CallChainOfFunctionPointersWithContext()
                0x000000000001cf48                CallChainOfFunctionPointersWithContext<GattSysAttrMissingCallbackParams const*>::~CallChainOfFunctionPointersWithContext()
 .text._ZN38CallChainOfFunctionPointersWithContextIPK10GattClientED2Ev
                0x000000000001cf68       0x20 ym/ble-nrf51822/source/ble-nrf51822.a(nRF5xn.cpp.obj)
                0x000000000001cf68                CallChainOfFunctionPointersWithContext<GattClient const*>::~CallChainOfFunctionPointersWithContext()
                0x000000000001cf68                CallChainOfFunctionPointersWithContext<GattClient const*>::~CallChainOfFunctionPointersWithContext()
 .text._ZN38CallChainOfFunctionPointersWithContextIPK21GattHVXCallbackParamsED2Ev
                0x000000000001cf88       0x20 ym/ble-nrf51822/source/ble-nrf51822.a(nRF5xn.cpp.obj)
                0x000000000001cf88                CallChainOfFunctionPointersWithContext<GattHVXCallbackParams const*>::~CallChainOfFunctionPointersWithContext()
                0x000000000001cf88                CallChainOfFunctionPointersWithContext<GattHVXCallbackParams const*>::~CallChainOfFunctionPointersWithContext()
 .text._ZN6nRF5xn10getVersionEv
                0x000000000001cfa8       0x74 ym/ble-nrf51822/source/ble-nrf51822.a(nRF5xn.cpp.obj)
                0x000000000001cfa8                nRF5xn::getVersion()
 .text._ZN6nRF5xn18getSecurityManagerEv
                0x000000000001d01c       0x34 ym/ble-nrf51822/source/ble-nrf51822.a(nRF5xn.cpp.obj)
                0x000000000001d01c                nRF5xn::getSecurityManager()
 .text._ZN6nRF5xnD2Ev
                0x000000000001d050       0x60 ym/ble-nrf51822/source/ble-nrf51822.a(nRF5xn.cpp.obj)
                0x000000000001d050                nRF5xn::~nRF5xn()
                0x000000000001d050                nRF5xn::~nRF5xn()
 .text._ZN3Gap5resetEv
                0x000000000001d0b0       0xcc ym/ble-nrf51822/source/ble-nrf51822.a(nRF5xn.cpp.obj)
                0x000000000001d0b0                Gap::reset()
 .text._ZN6nRF5xnC2Ev
                0x000000000001d17c      0x138 ym/ble-nrf51822/source/ble-nrf51822.a(nRF5xn.cpp.obj)
                0x000000000001d17c                nRF5xn::nRF5xn()
                0x000000000001d17c                nRF5xn::nRF5xn()
 .text._ZN6nRF5xn8InstanceEj
                0x000000000001d2b4       0x24 ym/ble-nrf51822/source/ble-nrf51822.a(nRF5xn.cpp.obj)
                0x000000000001d2b4                nRF5xn::Instance(unsigned int)
 .text._ZN26FunctionPointerWithContextItEC2EPFvtE
                0x000000000001d2d8       0x20 ym/ble-nrf51822/source/ble-nrf51822.a(nRF5xn.cpp.obj)
                0x000000000001d2d8                FunctionPointerWithContext<unsigned short>::FunctionPointerWithContext(void (*)(unsigned short))
                0x000000000001d2d8                FunctionPointerWithContext<unsigned short>::FunctionPointerWithContext(void (*)(unsigned short))
 .text._ZN15nRF5xGattServerC2Ev
                0x000000000001d2f8       0xa8 ym/ble-nrf51822/source/ble-nrf51822.a(nRF5xn.cpp.obj)
                0x000000000001d2f8                nRF5xGattServer::nRF5xGattServer()
                0x000000000001d2f8                nRF5xGattServer::nRF5xGattServer()
 .text._ZN38CallChainOfFunctionPointersWithContextIPK23GattWriteCallbackParamsED2Ev
                0x000000000001d3a0       0x14 ym/ble-nrf51822/source/ble-nrf51822.a(nRF5xn.cpp.obj)
                0x000000000001d3a0                CallChainOfFunctionPointersWithContext<GattWriteCallbackParams const*>::~CallChainOfFunctionPointersWithContext()
                0x000000000001d3a0                CallChainOfFunctionPointersWithContext<GattWriteCallbackParams const*>::~CallChainOfFunctionPointersWithContext()
 .text._ZN38CallChainOfFunctionPointersWithContextIPK22GattReadCallbackParamsED2Ev
                0x000000000001d3b4       0x14 ym/ble-nrf51822/source/ble-nrf51822.a(nRF5xn.cpp.obj)
                0x000000000001d3b4                CallChainOfFunctionPointersWithContext<GattReadCallbackParams const*>::~CallChainOfFunctionPointersWithContext()
                0x000000000001d3b4                CallChainOfFunctionPointersWithContext<GattReadCallbackParams const*>::~CallChainOfFunctionPointersWithContext()
 .text._ZL16sys_evt_dispatchm
                0x000000000001d3c8       0x1c ym/ble-nrf51822/source/ble-nrf51822.a(btle.cpp.obj)
 .text._ZL12btle_handlerP9ble_evt_t
                0x000000000001d3e4      0x178 ym/ble-nrf51822/source/ble-nrf51822.a(btle.cpp.obj)
 .text.btle_set_gatt_table_size
                0x000000000001d55c       0x14 ym/ble-nrf51822/source/ble-nrf51822.a(btle.cpp.obj)
                0x000000000001d55c                btle_set_gatt_table_size
 .text.btle_set_user_evt_handler
                0x000000000001d570        0xc ym/ble-nrf51822/source/ble-nrf51822.a(btle.cpp.obj)
                0x000000000001d570                btle_set_user_evt_handler
 .text.btle_init
                0x000000000001d57c       0xa4 ym/ble-nrf51822/source/ble-nrf51822.a(btle.cpp.obj)
                0x000000000001d57c                btle_init
 .text.app_error_handler
                0x000000000001d620       0x20 ym/ble-nrf51822/source/ble-nrf51822.a(btle.cpp.obj)
                0x000000000001d620                app_error_handler
 .text._Z27btle_hasInitializedSecurityv
                0x000000000001d640        0xc ym/ble-nrf51822/source/ble-nrf51822.a(btle_security.cpp.obj)
                0x000000000001d640                btle_hasInitializedSecurity()
 .text._Z23btle_initializeSecuritybbN15SecurityManager24SecurityIOCapabilities_tEPKh
                0x000000000001d64c       0xc8 ym/ble-nrf51822/source/ble-nrf51822.a(btle_security.cpp.obj)
                0x000000000001d64c                btle_initializeSecurity(bool, bool, SecurityManager::SecurityIOCapabilities_t, unsigned char const*)
 .text._Z25btle_purgeAllBondingStatev
                0x000000000001d714       0x20 ym/ble-nrf51822/source/ble-nrf51822.a(btle_security.cpp.obj)
                0x000000000001d714                btle_purgeAllBondingState()
 .text._Z20btle_getLinkSecuritytPN15SecurityManager20LinkSecurityStatus_tE
                0x000000000001d734       0x54 ym/ble-nrf51822/source/ble-nrf51822.a(btle_security.cpp.obj)
                0x000000000001d734                btle_getLinkSecurity(unsigned short, SecurityManager::LinkSecurityStatus_t*)
 .text._Z20btle_setLinkSecuritytN15SecurityManager14SecurityMode_tE
                0x000000000001d788       0x4c ym/ble-nrf51822/source/ble-nrf51822.a(btle_security.cpp.obj)
                0x000000000001d788                btle_setLinkSecurity(unsigned short, SecurityManager::SecurityMode_t)
 .text._Z33btle_createWhitelistFromBondTableP19ble_gap_whitelist_t
                0x000000000001d7d4       0x2c ym/ble-nrf51822/source/ble-nrf51822.a(btle_security.cpp.obj)
                0x000000000001d7d4                btle_createWhitelistFromBondTable(ble_gap_whitelist_t*)
 .text._ZN8nRF5xGap25getPermittedTxPowerValuesEPPKaPj
                0x000000000001d800       0x10 ym/ble-nrf51822/source/ble-nrf51822.a(nRF5xGap.cpp.obj)
                0x000000000001d800                nRF5xGap::getPermittedTxPowerValues(signed char const**, unsigned int*)
 .text._Z31radioNotificationStaticCallbackb
                0x000000000001d810       0x40 ym/ble-nrf51822/source/ble-nrf51822.a(nRF5xGap.cpp.obj)
                0x000000000001d810                radioNotificationStaticCallback(bool)
 .text._ZN8nRF5xGap21initRadioNotificationEv
                0x000000000001d850       0x20 ym/ble-nrf51822/source/ble-nrf51822.a(nRF5xGap.cpp.obj)
                0x000000000001d850                nRF5xGap::initRadioNotification()
 .text._ZN8nRF5xGap22generateStackWhitelistER19ble_gap_whitelist_t
                0x000000000001d870       0xdc ym/ble-nrf51822/source/ble-nrf51822.a(nRF5xGap.cpp.obj)
                0x000000000001d870                nRF5xGap::generateStackWhitelist(ble_gap_whitelist_t&)
 .text._ZN8nRF5xGap16startAdvertisingERK20GapAdvertisingParams
                0x000000000001d94c       0xa8 ym/ble-nrf51822/source/ble-nrf51822.a(nRF5xGap.cpp.obj)
                0x000000000001d94c                nRF5xGap::startAdvertising(GapAdvertisingParams const&)
 .text._ZN8nRF5xGap7connectEPKhN11BLEProtocol11AddressType4TypeEPKN3Gap18ConnectionParams_tEPK17GapScanningParams
                0x000000000001d9f4      0x104 ym/ble-nrf51822/source/ble-nrf51822.a(nRF5xGap.cpp.obj)
                0x000000000001d9f4                nRF5xGap::connect(unsigned char const*, BLEProtocol::AddressType::Type, Gap::ConnectionParams_t const*, GapScanningParams const*)
 .text._Z13btle_gap_initv
                0x000000000001daf8       0x54 ym/ble-nrf51822/source/ble-nrf51822.a(btle_gap.cpp.obj)
                0x000000000001daf8                btle_gap_init()
 .text._ZN15nRF5xGattServer4readEtPhPt
                0x000000000001db4c       0x18 ym/ble-nrf51822/source/ble-nrf51822.a(nRF5xGattServer.cpp.obj)
                0x000000000001db4c                nRF5xGattServer::read(unsigned short, unsigned char*, unsigned short*)
 .text._ZN15nRF5xGattServer5writeEtPKhtb
                0x000000000001db64       0x1c ym/ble-nrf51822/source/ble-nrf51822.a(nRF5xGattServer.cpp.obj)
                0x000000000001db64                nRF5xGattServer::write(unsigned short, unsigned char const*, unsigned short, bool)
 .text._ZN15nRF5xGattServer5writeEttPKhtb
                0x000000000001db80       0xf0 ym/ble-nrf51822/source/ble-nrf51822.a(nRF5xGattServer.cpp.obj)
                0x000000000001db80                nRF5xGattServer::write(unsigned short, unsigned short, unsigned char const*, unsigned short, bool)
 .text._ZN15nRF5xGattServer10addServiceER11GattService
                0x000000000001dc70      0x1e0 ym/ble-nrf51822/source/ble-nrf51822.a(nRF5xGattServer.cpp.obj)
                0x000000000001dc70                nRF5xGattServer::addService(GattService&)
 .text._ZN15nRF5xGattServer5resetEv
                0x000000000001de50       0x50 ym/ble-nrf51822/source/ble-nrf51822.a(nRF5xGattServer.cpp.obj)
                0x000000000001de50                nRF5xGattServer::reset()
 .text.custom_convert_to_nordic_uuid
                0x000000000001dea0       0xa4 ym/ble-nrf51822/source/ble-nrf51822.a(custom_helper.cpp.obj)
                0x000000000001dea0                custom_convert_to_nordic_uuid
 .text._ZN17GapScanningParamsC2Etttb
                0x000000000001df44       0x60 ym/ble/source/ble.a(GapScanningParams.cpp.obj)
                0x000000000001df44                GapScanningParams::GapScanningParams(unsigned short, unsigned short, unsigned short, bool)
                0x000000000001df44                GapScanningParams::GapScanningParams(unsigned short, unsigned short, unsigned short, bool)
 .text.SWI1_IRQHandler
                0x000000000001dfa4       0x20 ym/nrf51-sdk/source/nrf51-sdk.a(ble_radio_notification.c.obj)
                0x000000000001dfa4                SWI1_IRQHandler
 .text.ble_radio_notification_init
                0x000000000001dfc4       0x38 ym/nrf51-sdk/source/nrf51-sdk.a(ble_radio_notification.c.obj)
                0x000000000001dfc4                ble_radio_notification_init
 .text.gatts_context_store
                0x000000000001dffc       0xc0 ym/nrf51-sdk/source/nrf51-sdk.a(device_manager_peripheral.c.obj)
 .text.device_context_store
                0x000000000001e0bc       0xb0 ym/nrf51-sdk/source/nrf51-sdk.a(device_manager_peripheral.c.obj)
 .text.gatts_context_load
                0x000000000001e16c       0x34 ym/nrf51-sdk/source/nrf51-sdk.a(device_manager_peripheral.c.obj)
 .text.gatts_context_apply
                0x000000000001e1a0       0xc4 ym/nrf51-sdk/source/nrf51-sdk.a(device_manager_peripheral.c.obj)
 .text.peer_instance_init
                0x000000000001e264       0x48 ym/nrf51-sdk/source/nrf51-sdk.a(device_manager_peripheral.c.obj)
 .text.device_instance_free
                0x000000000001e2ac       0x2c ym/nrf51-sdk/source/nrf51-sdk.a(device_manager_peripheral.c.obj)
 .text.dm_pstorage_cb_handler
                0x000000000001e2d8      0x128 ym/nrf51-sdk/source/nrf51-sdk.a(device_manager_peripheral.c.obj)
 .text.dm_init  0x000000000001e400       0xd4 ym/nrf51-sdk/source/nrf51-sdk.a(device_manager_peripheral.c.obj)
                0x000000000001e400                dm_init
 .text.dm_register
                0x000000000001e4d4       0x70 ym/nrf51-sdk/source/nrf51-sdk.a(device_manager_peripheral.c.obj)
                0x000000000001e4d4                dm_register
 .text.dm_security_status_req
                0x000000000001e544       0x74 ym/nrf51-sdk/source/nrf51-sdk.a(device_manager_peripheral.c.obj)
                0x000000000001e544                dm_security_status_req
 .text.dm_whitelist_create
                0x000000000001e5b8       0xb8 ym/nrf51-sdk/source/nrf51-sdk.a(device_manager_peripheral.c.obj)
                0x000000000001e5b8                dm_whitelist_create
 .text.dm_device_delete_all
                0x000000000001e670       0x54 ym/nrf51-sdk/source/nrf51-sdk.a(device_manager_peripheral.c.obj)
                0x000000000001e670                dm_device_delete_all
 .text.dm_application_context_set
                0x000000000001e6c4        0x8 ym/nrf51-sdk/source/nrf51-sdk.a(device_manager_peripheral.c.obj)
                0x000000000001e6c4                dm_application_context_set
 .text.dm_peer_addr_get
                0x000000000001e6cc       0x8c ym/nrf51-sdk/source/nrf51-sdk.a(device_manager_peripheral.c.obj)
                0x000000000001e6cc                dm_peer_addr_get
 .text.dm_distributed_keys_get
                0x000000000001e758       0xb0 ym/nrf51-sdk/source/nrf51-sdk.a(device_manager_peripheral.c.obj)
                0x000000000001e758                dm_distributed_keys_get
 .text.bond_data_load
                0x000000000001e808       0x48 ym/nrf51-sdk/source/nrf51-sdk.a(device_manager_peripheral.c.obj)
                0x000000000001e808                bond_data_load
 .text.address_to_device_id
                0x000000000001e850       0x2c ym/nrf51-sdk/source/nrf51-sdk.a(device_manager_peripheral.c.obj)
                0x000000000001e850                address_to_device_id
 .text.dm_ble_evt_handler
                0x000000000001e87c      0x38c ym/nrf51-sdk/source/nrf51-sdk.a(device_manager_peripheral.c.obj)
                0x000000000001e87c                dm_ble_evt_handler
 .text.dm_handle_get
                0x000000000001ec08       0x48 ym/nrf51-sdk/source/nrf51-sdk.a(device_manager_peripheral.c.obj)
                0x000000000001ec08                dm_handle_get
 .text.dfu_app_on_dfu_evt
                0x000000000001ec50      0x16c ym/nrf51-sdk/source/nrf51-sdk.a(dfu_app_handler.c.obj)
                0x000000000001ec50                dfu_app_on_dfu_evt
 .text.ble_dfu_response_send
                0x000000000001edbc       0x64 ym/nrf51-sdk/source/nrf51-sdk.a(ble_dfu.c.obj)
                0x000000000001edbc                ble_dfu_response_send
 .text.pstorage_flash_page_end
                0x000000000001ee20       0x20 ym/nrf51-sdk/source/nrf51-sdk.a(pstorage.c.obj)
 .text.swap_sub_state_entry_action_run
                0x000000000001ee40       0x18 ym/nrf51-sdk/source/nrf51-sdk.a(pstorage.c.obj)
 .text.cmd_queue_element_init
                0x000000000001ee58       0x20 ym/nrf51-sdk/source/nrf51-sdk.a(pstorage.c.obj)
 .text.app_notify
                0x000000000001ee78       0x2c ym/nrf51-sdk/source/nrf51-sdk.a(pstorage.c.obj)
 .text.is_page_erase_required
                0x000000000001eea4       0x50 ym/nrf51-sdk/source/nrf51-sdk.a(pstorage.c.obj)
 .text.swap_sub_state_err_busy_process
                0x000000000001eef4       0x18 ym/nrf51-sdk/source/nrf51-sdk.a(pstorage.c.obj)
 .text.data_to_swap_write_state_run
                0x000000000001ef0c       0x30 ym/nrf51-sdk/source/nrf51-sdk.a(pstorage.c.obj)
 .text.swap_erase_state_run
                0x000000000001ef3c       0x24 ym/nrf51-sdk/source/nrf51-sdk.a(pstorage.c.obj)
 .text.flash_api_err_code_process
                0x000000000001ef60       0x40 ym/nrf51-sdk/source/nrf51-sdk.a(pstorage.c.obj)
 .text.store_cmd_flash_write_execute
                0x000000000001efa0       0x54 ym/nrf51-sdk/source/nrf51-sdk.a(pstorage.c.obj)
 .text.state_restore_head_entry_run
                0x000000000001eff4       0x34 ym/nrf51-sdk/source/nrf51-sdk.a(pstorage.c.obj)
 .text.state_restore_tail_entry_run
                0x000000000001f028       0x48 ym/nrf51-sdk/source/nrf51-sdk.a(pstorage.c.obj)
 .text.state_write_data_swap_entry_run
                0x000000000001f070       0x2c ym/nrf51-sdk/source/nrf51-sdk.a(pstorage.c.obj)
 .text.state_data_erase_entry_run
                0x000000000001f09c       0x14 ym/nrf51-sdk/source/nrf51-sdk.a(pstorage.c.obj)
 .text.state_entry_action_run
                0x000000000001f0b0       0xc4 ym/nrf51-sdk/source/nrf51-sdk.a(pstorage.c.obj)
 .text.clear_operation_execute
                0x000000000001f174      0x110 ym/nrf51-sdk/source/nrf51-sdk.a(pstorage.c.obj)
 .text.cmd_process
                0x000000000001f284       0x3c ym/nrf51-sdk/source/nrf51-sdk.a(pstorage.c.obj)
 .text.cmd_queue_enqueue
                0x000000000001f2c0       0x54 ym/nrf51-sdk/source/nrf51-sdk.a(pstorage.c.obj)
 .text.command_end_procedure_run
                0x000000000001f314       0x44 ym/nrf51-sdk/source/nrf51-sdk.a(pstorage.c.obj)
 .text.clear_post_processing_run
                0x000000000001f358       0x2c ym/nrf51-sdk/source/nrf51-sdk.a(pstorage.c.obj)
 .text.head_restore_state_run
                0x000000000001f384       0x9c ym/nrf51-sdk/source/nrf51-sdk.a(pstorage.c.obj)
 .text.tail_restore_state_run
                0x000000000001f420       0x1c ym/nrf51-sdk/source/nrf51-sdk.a(pstorage.c.obj)
 .text.data_page_erase_state_run
                0x000000000001f43c       0x78 ym/nrf51-sdk/source/nrf51-sdk.a(pstorage.c.obj)
 .text.flash_operation_success_run
                0x000000000001f4b4       0x98 ym/nrf51-sdk/source/nrf51-sdk.a(pstorage.c.obj)
 .text.pstorage_sys_event_handler
                0x000000000001f54c       0x68 ym/nrf51-sdk/source/nrf51-sdk.a(pstorage.c.obj)
                0x000000000001f54c                pstorage_sys_event_handler
 .text.pstorage_init
                0x000000000001f5b4       0x70 ym/nrf51-sdk/source/nrf51-sdk.a(pstorage.c.obj)
                0x000000000001f5b4                pstorage_init
 .text.pstorage_register
                0x000000000001f624       0xbc ym/nrf51-sdk/source/nrf51-sdk.a(pstorage.c.obj)
                0x000000000001f624                pstorage_register
 .text.pstorage_block_identifier_get
                0x000000000001f6e0       0x4c ym/nrf51-sdk/source/nrf51-sdk.a(pstorage.c.obj)
                0x000000000001f6e0                pstorage_block_identifier_get
 .text.pstorage_store
                0x000000000001f72c       0x78 ym/nrf51-sdk/source/nrf51-sdk.a(pstorage.c.obj)
                0x000000000001f72c                pstorage_store
 .text.pstorage_update
                0x000000000001f7a4       0x78 ym/nrf51-sdk/source/nrf51-sdk.a(pstorage.c.obj)
                0x000000000001f7a4                pstorage_update
 .text.pstorage_load
                0x000000000001f81c       0x94 ym/nrf51-sdk/source/nrf51-sdk.a(pstorage.c.obj)
                0x000000000001f81c                pstorage_load
 .text.pstorage_clear
                0x000000000001f8b0       0x84 ym/nrf51-sdk/source/nrf51-sdk.a(pstorage.c.obj)
                0x000000000001f8b0                pstorage_clear
 .text.intern_softdevice_events_execute
                0x000000000001f934       0xa0 ym/nrf51-sdk/source/nrf51-sdk.a(softdevice_handler.c.obj)
                0x000000000001f934                intern_softdevice_events_execute
 .text.softdevice_handler_init
                0x000000000001f9d4       0x48 ym/nrf51-sdk/source/nrf51-sdk.a(softdevice_handler.c.obj)
                0x000000000001f9d4                softdevice_handler_init
 .text.softdevice_handler_sd_disable
                0x000000000001fa1c       0x18 ym/nrf51-sdk/source/nrf51-sdk.a(softdevice_handler.c.obj)
                0x000000000001fa1c                softdevice_handler_sd_disable
 .text.softdevice_ble_evt_handler_set
                0x000000000001fa34       0x14 ym/nrf51-sdk/source/nrf51-sdk.a(softdevice_handler.c.obj)
                0x000000000001fa34                softdevice_ble_evt_handler_set
 .text.softdevice_sys_evt_handler_set
                0x000000000001fa48       0x14 ym/nrf51-sdk/source/nrf51-sdk.a(softdevice_handler.c.obj)
                0x000000000001fa48                softdevice_sys_evt_handler_set
 .text.SWI2_IRQHandler
                0x000000000001fa5c       0x24 ym/nrf51-sdk/source/nrf51-sdk.a(softdevice_handler.c.obj)
                0x000000000001fa5c                SWI2_IRQHandler
 .text.bootloader_util_app_start
                0x000000000001fa80       0x3c ym/nrf51-sdk/source/nrf51-sdk.a(bootloader_util.c.obj)
                0x000000000001fa80                bootloader_util_app_start
 .text._ZN4mbed3I2CC2E7PinNameS1_
                0x000000000001fabc       0x30 ym/mbed-classic/existing/mbed-classic.a(I2C.cpp.obj)
                0x000000000001fabc                mbed::I2C::I2C(PinName, PinName)
                0x000000000001fabc                mbed::I2C::I2C(PinName, PinName)
 .text._ZN4mbed3I2C6aquireEv
                0x000000000001faec       0x1c ym/mbed-classic/existing/mbed-classic.a(I2C.cpp.obj)
                0x000000000001faec                mbed::I2C::aquire()
 .text._ZN4mbed11InterruptInD2Ev
                0x000000000001fb08       0x18 ym/mbed-classic/existing/mbed-classic.a(InterruptIn.cpp.obj)
                0x000000000001fb08                mbed::InterruptIn::~InterruptIn()
                0x000000000001fb08                mbed::InterruptIn::~InterruptIn()
 .text._ZN4mbed11InterruptInC2E7PinName
                0x000000000001fb20       0x48 ym/mbed-classic/existing/mbed-classic.a(InterruptIn.cpp.obj)
                0x000000000001fb20                mbed::InterruptIn::InterruptIn(PinName)
                0x000000000001fb20                mbed::InterruptIn::InterruptIn(PinName)
 .text._ZN4mbed9RawSerialC2E7PinNameS1_
                0x000000000001fb68       0x14 ym/mbed-classic/existing/mbed-classic.a(RawSerial.cpp.obj)
                0x000000000001fb68                mbed::RawSerial::RawSerial(PinName, PinName)
                0x000000000001fb68                mbed::RawSerial::RawSerial(PinName, PinName)
 .text._ZN4mbed10SerialBaseC2E7PinNameS1_
                0x000000000001fb7c       0x3c ym/mbed-classic/existing/mbed-classic.a(SerialBase.cpp.obj)
                0x000000000001fb7c                mbed::SerialBase::SerialBase(PinName, PinName)
                0x000000000001fb7c                mbed::SerialBase::SerialBase(PinName, PinName)
 .text._ZN4mbed6TickerD2Ev
                0x000000000001fbb8       0x1c ym/mbed-classic/existing/mbed-classic.a(Ticker.cpp.obj)
                0x000000000001fbb8                mbed::Ticker::~Ticker()
                0x000000000001fbb8                mbed::Ticker::~Ticker()
 .text._ZN4mbed7TimeoutD2Ev
                0x000000000001fbd4       0x1c ym/mbed-classic/existing/mbed-classic.a(Timeout.cpp.obj)
                0x000000000001fbd4                mbed::Timeout::~Timeout()
                0x000000000001fbd4                mbed::Timeout::~Timeout()
 .text._ZN4mbed10TimerEventC2Ev
                0x000000000001fbf0       0x2c ym/mbed-classic/existing/mbed-classic.a(TimerEvent.cpp.obj)
                0x000000000001fbf0                mbed::TimerEvent::TimerEvent()
                0x000000000001fbf0                mbed::TimerEvent::TimerEvent()
 .text._ZN4mbed10TimerEventD2Ev
                0x000000000001fc1c       0x18 ym/mbed-classic/existing/mbed-classic.a(TimerEvent.cpp.obj)
                0x000000000001fc1c                mbed::TimerEvent::~TimerEvent()
                0x000000000001fc1c                mbed::TimerEvent::~TimerEvent()
 .text.get_us_ticker_data
                0x000000000001fc34        0x8 ym/mbed-classic/existing/mbed-classic.a(us_ticker_api.c.obj)
                0x000000000001fc34                get_us_ticker_data
 .text.us_ticker_irq_handler
                0x000000000001fc3c       0x10 ym/mbed-classic/existing/mbed-classic.a(us_ticker_api.c.obj)
                0x000000000001fc3c                us_ticker_irq_handler
 .text          0x000000000001fc4c       0x48 ym/mbed-classic/existing/mbed-classic.a(startup_NRF51822.S.obj)
                0x000000000001fc4c                Reset_Handler
                0x000000000001fc88                NMI_Handler
                0x000000000001fc8a                HardFault_Handler
                0x000000000001fc8c                SVC_Handler
                0x000000000001fc8e                PendSV_Handler
                0x000000000001fc90                SysTick_Handler
                0x000000000001fc92                SPI0_TWI0_IRQHandler
                0x000000000001fc92                RTC0_IRQHandler
                0x000000000001fc92                POWER_CLOCK_IRQHandler
                0x000000000001fc92                LPCOMP_IRQHandler
                0x000000000001fc92                SWI4_IRQHandler
                0x000000000001fc92                TEMP_IRQHandler
                0x000000000001fc92                QDEC_IRQHandler
                0x000000000001fc92                SWI5_IRQHandler
                0x000000000001fc92                TIMER0_IRQHandler
                0x000000000001fc92                SWI0_IRQHandler
                0x000000000001fc92                ECB_IRQHandler
                0x000000000001fc92                Default_Handler
                0x000000000001fc92                ADC_IRQHandler
                0x000000000001fc92                SWI3_IRQHandler
                0x000000000001fc92                CCM_AAR_IRQHandler
                0x000000000001fc92                WDT_IRQHandler
                0x000000000001fc92                RNG_IRQHandler
                0x000000000001fc92                SPI1_TWI1_IRQHandler
                0x000000000001fc92                RTC1_IRQHandler
 .text.gpio_init
                0x000000000001fc94       0x30 ym/mbed-classic/existing/mbed-classic.a(gpio_api.c.obj)
                0x000000000001fc94                gpio_init
 .text.GPIOTE_IRQHandler
                0x000000000001fcc4       0xf4 ym/mbed-classic/existing/mbed-classic.a(gpio_irq_api.c.obj)
                0x000000000001fcc4                GPIOTE_IRQHandler
 .text.gpio_irq_init
                0x000000000001fdb8       0x60 ym/mbed-classic/existing/mbed-classic.a(gpio_irq_api.c.obj)
                0x000000000001fdb8                gpio_irq_init
 .text.gpio_irq_free
                0x000000000001fe18       0x10 ym/mbed-classic/existing/mbed-classic.a(gpio_irq_api.c.obj)
                0x000000000001fe18                gpio_irq_free
 .text.gpio_irq_set
                0x000000000001fe28       0x9c ym/mbed-classic/existing/mbed-classic.a(gpio_irq_api.c.obj)
                0x000000000001fe28                gpio_irq_set
 .text.i2c_do_write
                0x000000000001fec4       0x28 ym/mbed-classic/existing/mbed-classic.a(i2c_api.c.obj)
                0x000000000001fec4                i2c_do_write
 .text.i2c_do_read
                0x000000000001feec       0x3c ym/mbed-classic/existing/mbed-classic.a(i2c_api.c.obj)
                0x000000000001feec                i2c_do_read
 .text.i2c_frequency
                0x000000000001ff28       0x48 ym/mbed-classic/existing/mbed-classic.a(i2c_api.c.obj)
                0x000000000001ff28                i2c_frequency
 .text.twi_master_init
                0x000000000001ff70       0x48 ym/mbed-classic/existing/mbed-classic.a(i2c_api.c.obj)
                0x000000000001ff70                twi_master_init
 .text.i2c_init
                0x000000000001ffb8       0xc4 ym/mbed-classic/existing/mbed-classic.a(i2c_api.c.obj)
                0x000000000001ffb8                i2c_init
 .text.i2c_reset
                0x000000000002007c       0x30 ym/mbed-classic/existing/mbed-classic.a(i2c_api.c.obj)
                0x000000000002007c                i2c_reset
 .text.i2c_stop
                0x00000000000200ac       0x34 ym/mbed-classic/existing/mbed-classic.a(i2c_api.c.obj)
                0x00000000000200ac                i2c_stop
 .text.checkError
                0x00000000000200e0       0x28 ym/mbed-classic/existing/mbed-classic.a(i2c_api.c.obj)
                0x00000000000200e0                checkError
 .text.port_init
                0x0000000000020108       0x28 ym/mbed-classic/existing/mbed-classic.a(port_api.c.obj)
                0x0000000000020108                port_init
 .text.pwm_disconnect
                0x0000000000020130       0x60 ym/mbed-classic/existing/mbed-classic.a(pwmout_api.c.obj)
 .text.TIMER2_IRQHandler
                0x0000000000020190       0x68 ym/mbed-classic/existing/mbed-classic.a(pwmout_api.c.obj)
                0x0000000000020190                TIMER2_IRQHandler
 .text.serial_baud.part.0
                0x00000000000201f8       0x38 ym/mbed-classic/existing/mbed-classic.a(serial_api.c.obj)
 .text.serial_init
                0x0000000000020230       0xb8 ym/mbed-classic/existing/mbed-classic.a(serial_api.c.obj)
                0x0000000000020230                serial_init
 .text.serial_baud
                0x00000000000202e8       0x20 ym/mbed-classic/existing/mbed-classic.a(serial_api.c.obj)
                0x00000000000202e8                serial_baud
 .text.UART0_IRQHandler
                0x0000000000020308       0x4c ym/mbed-classic/existing/mbed-classic.a(serial_api.c.obj)
                0x0000000000020308                UART0_IRQHandler
 .text.serial_irq_handler
                0x0000000000020354       0x18 ym/mbed-classic/existing/mbed-classic.a(serial_api.c.obj)
                0x0000000000020354                serial_irq_handler
 .text.serial_putc
                0x000000000002036c       0x1c ym/mbed-classic/existing/mbed-classic.a(serial_api.c.obj)
                0x000000000002036c                serial_putc
 .text.twi_master_clear_bus
                0x0000000000020388       0xb0 ym/mbed-classic/existing/mbed-classic.a(twi_master.c.obj)
 .text.twi_master_init_and_clear
                0x0000000000020438       0x74 ym/mbed-classic/existing/mbed-classic.a(twi_master.c.obj)
                0x0000000000020438                twi_master_init_and_clear
 .text.tmr1_getCounter64
                0x00000000000204ac       0x50 ym/mbed-classic/existing/mbed-classic.a(us_ticker.c.obj)
 .text.TIMER1_IRQHandler
                0x00000000000204fc       0x50 ym/mbed-classic/existing/mbed-classic.a(us_ticker.c.obj)
                0x00000000000204fc                TIMER1_IRQHandler
 .text.us_ticker_init
                0x000000000002054c       0x8c ym/mbed-classic/existing/mbed-classic.a(us_ticker.c.obj)
                0x000000000002054c                us_ticker_init
 .text.us_ticker_read
                0x00000000000205d8       0x18 ym/mbed-classic/existing/mbed-classic.a(us_ticker.c.obj)
                0x00000000000205d8                us_ticker_read
 .text.us_ticker_set_interrupt
                0x00000000000205f0       0x54 ym/mbed-classic/existing/mbed-classic.a(us_ticker.c.obj)
                0x00000000000205f0                us_ticker_set_interrupt
 .text.SystemInit
                0x0000000000020644       0xac ym/mbed-classic/existing/mbed-classic.a(system_nrf51.c.obj)
                0x0000000000020644                SystemInit
 .text._ZSt15get_new_handlerv
                0x00000000000206f0        0xc /usr/lib/gcc/arm-none-eabi/10.3.1/../../../arm-none-eabi/lib/thumb/v6-m/nofp/libstdc++_nano.a(new_handler.o)
                0x00000000000206f0                std::get_new_handler()
 .text          0x00000000000206fc       0x14 /usr/lib/gcc/arm-none-eabi/10.3.1/thumb/v6-m/nofp/libgcc.a(_thumb1_case_uqi.o)
                0x00000000000206fc                __gnu_thumb1_case_uqi
 .text          0x0000000000020710       0x14 /usr/lib/gcc/arm-none-eabi/10.3.1/thumb/v6-m/nofp/libgcc.a(_thumb1_case_uhi.o)
                0x0000000000020710                __gnu_thumb1_case_uhi
 .text          0x0000000000020724      0x114 /usr/lib/gcc/arm-none-eabi/10.3.1/thumb/v6-m/nofp/libgcc.a(_udivsi3.o)
                0x0000000000020724                __udivsi3
                0x0000000000020724                __aeabi_uidiv
                0x0000000000020830                __aeabi_uidivmod
 .text          0x0000000000020838      0x1d4 /usr/lib/gcc/arm-none-eabi/10.3.1/thumb/v6-m/nofp/libgcc.a(_divsi3.o)
                0x0000000000020838                __aeabi_idiv
                0x0000000000020838                __divsi3
                0x0000000000020a04                __aeabi_idivmod
 .text          0x0000000000020a0c        0x4 /usr/lib/gcc/arm-none-eabi/10.3.1/thumb/v6-m/nofp/libgcc.a(_dvmd_tls.o)
                0x0000000000020a0c                __aeabi_ldiv0
                0x0000000000020a0c                __aeabi_idiv0
 .text          0x0000000000020a10       0x74 /usr/lib/gcc/arm-none-eabi/10.3.1/thumb/v6-m/nofp/libgcc.a(_arm_cmpsf2.o)
                0x0000000000020a10                __aeabi_cfrcmple
                0x0000000000020a18                __aeabi_cfcmple
                0x0000000000020a18                __aeabi_cfcmpeq
                0x0000000000020a28                __aeabi_fcmpeq
                0x0000000000020a34                __aeabi_fcmplt
                0x0000000000020a48                __aeabi_fcmple
                0x0000000000020a5c                __aeabi_fcmpgt
                0x0000000000020a70                __aeabi_fcmpge
 .text          0x0000000000020a84       0x40 /usr/lib/gcc/arm-none-eabi/10.3.1/thumb/v6-m/nofp/libgcc.a(_aeabi_uldivmod.o)
                0x0000000000020a84                __aeabi_uldivmod
 .text          0x0000000000020ac4      0x198 /usr/lib/gcc/arm-none-eabi/10.3.1/thumb/v6-m/nofp/libgcc.a(_udivmoddi4.o)
                0x0000000000020ac4                __udivmoddi4
 .text          0x0000000000020c5c      0x33c /usr/lib/gcc/arm-none-eabi/10.3.1/thumb/v6-m/nofp/libgcc.a(addsf3.o)
                0x0000000000020c5c                __aeabi_fadd
 .text          0x0000000000020f98      0x230 /usr/lib/gcc/arm-none-eabi/10.3.1/thumb/v6-m/nofp/libgcc.a(divsf3.o)
                0x0000000000020f98                __aeabi_fdiv
 .text          0x00000000000211c8       0x4c /usr/lib/gcc/arm-none-eabi/10.3.1/thumb/v6-m/nofp/libgcc.a(eqsf2.o)
                0x00000000000211c8                __nesf2
                0x00000000000211c8                __eqsf2
 .text          0x0000000000021214       0x8c /usr/lib/gcc/arm-none-eabi/10.3.1/thumb/v6-m/nofp/libgcc.a(gesf2.o)
                0x0000000000021214                __gtsf2
                0x0000000000021214                __gesf2
 .text          0x00000000000212a0       0x88 /usr/lib/gcc/arm-none-eabi/10.3.1/thumb/v6-m/nofp/libgcc.a(lesf2.o)
                0x00000000000212a0                __lesf2
                0x00000000000212a0                __ltsf2
 .text          0x0000000000021328      0x24c /usr/lib/gcc/arm-none-eabi/10.3.1/thumb/v6-m/nofp/libgcc.a(mulsf3.o)
                0x0000000000021328                __aeabi_fmul
 .text          0x0000000000021574      0x35c /usr/lib/gcc/arm-none-eabi/10.3.1/thumb/v6-m/nofp/libgcc.a(subsf3.o)
                0x0000000000021574                __aeabi_fsub
 .text          0x00000000000218d0       0x40 /usr/lib/gcc/arm-none-eabi/10.3.1/thumb/v6-m/nofp/libgcc.a(fixsfsi.o)
                0x00000000000218d0                __aeabi_f2iz
 .text          0x0000000000021910       0x9c /usr/lib/gcc/arm-none-eabi/10.3.1/thumb/v6-m/nofp/libgcc.a(floatsisf.o)
                0x0000000000021910                __aeabi_i2f
 .text          0x00000000000219ac       0x3c /usr/lib/gcc/arm-none-eabi/10.3.1/thumb/v6-m/nofp/libgcc.a(_clzsi2.o)
                0x00000000000219ac                __clzsi2
 .text          0x00000000000219e8       0x18 /usr/lib/gcc/arm-none-eabi/10.3.1/thumb/v6-m/nofp/libgcc.a(_clzdi2.o)
                0x00000000000219e8                __clzdi2
 .text          0x0000000000021a00       0x48 /usr/lib/gcc/arm-none-eabi/10.3.1/../../../arm-none-eabi/lib/thumb/v6-m/nofp/libm.a(lib_a-wf_sqrt.o)
                0x0000000000021a00                sqrtf
 .text          0x0000000000021a48       0xb0 /usr/lib/gcc/arm-none-eabi/10.3.1/../../../arm-none-eabi/lib/thumb/v6-m/nofp/libm.a(lib_a-ef_sqrt.o)
                0x0000000000021a48                __ieee754_sqrtf
 .text          0x0000000000021af8       0x10 /usr/lib/gcc/arm-none-eabi/10.3.1/../../../arm-none-eabi/lib/thumb/v6-m/nofp/libc_nano.a(lib_a-abort.o)
                0x0000000000021af8                abort
 .text          0x0000000000021b08       0x10 /usr/lib/gcc/arm-none-eabi/10.3.1/../../../arm-none-eabi/lib/thumb/v6-m/nofp/libc_nano.a(lib_a-atexit.o)
                0x0000000000021b08                atexit
 .text          0x0000000000021b18       0x20 /usr/lib/gcc/arm-none-eabi/10.3.1/../../../arm-none-eabi/lib/thumb/v6-m/nofp/libc_nano.a(lib_a-cxa_atexit.o)
                0x0000000000021b18                __cxa_atexit
 .text          0x0000000000021b38        0xc /usr/lib/gcc/arm-none-eabi/10.3.1/../../../arm-none-eabi/lib/thumb/v6-m/nofp/libc_nano.a(lib_a-errno.o)
                0x0000000000021b38                __errno
 .text          0x0000000000021b44       0x2c /usr/lib/gcc/arm-none-eabi/10.3.1/../../../arm-none-eabi/lib/thumb/v6-m/nofp/libc_nano.a(lib_a-exit.o)
                0x0000000000021b44                exit
 .text          0x0000000000021b70       0x28 /usr/lib/gcc/arm-none-eabi/10.3.1/../../../arm-none-eabi/lib/thumb/v6-m/nofp/libc_nano.a(lib_a-fini.o)
                0x0000000000021b70                __libc_fini_array
 .text          0x0000000000021b98       0x44 /usr/lib/gcc/arm-none-eabi/10.3.1/../../../arm-none-eabi/lib/thumb/v6-m/nofp/libc_nano.a(lib_a-init.o)
                0x0000000000021b98                __libc_init_array
 .text          0x0000000000021bdc       0x74 /usr/lib/gcc/arm-none-eabi/10.3.1/../../../arm-none-eabi/lib/thumb/v6-m/nofp/libc_nano.a(lib_a-memchr-stub.o)
                0x0000000000021bdc                memchr
 .text          0x0000000000021c50       0x48 /usr/lib/gcc/arm-none-eabi/10.3.1/../../../arm-none-eabi/lib/thumb/v6-m/nofp/libc_nano.a(lib_a-memcmp.o)
                0x0000000000021c50                memcmp
 .text          0x0000000000021c98       0xa4 /usr/lib/gcc/arm-none-eabi/10.3.1/../../../arm-none-eabi/lib/thumb/v6-m/nofp/libc_nano.a(lib_a-memcpy-stub.o)
                0x0000000000021c98                memcpy
 .text          0x0000000000021d3c       0xac /usr/lib/gcc/arm-none-eabi/10.3.1/../../../arm-none-eabi/lib/thumb/v6-m/nofp/libc_nano.a(lib_a-memmove.o)
                0x0000000000021d3c                memmove
 .text          0x0000000000021de8       0xa8 /usr/lib/gcc/arm-none-eabi/10.3.1/../../../arm-none-eabi/lib/thumb/v6-m/nofp/libc_nano.a(lib_a-memset.o)
                0x0000000000021de8                memset
 .text          0x0000000000021e90      0x274 /usr/lib/gcc/arm-none-eabi/10.3.1/../../../arm-none-eabi/lib/thumb/v6-m/nofp/libc_nano.a(lib_a-signal.o)
                0x0000000000021e90                _init_signal_r
                0x0000000000021ec0                _signal_r
                0x0000000000021f08                _raise_r
                0x0000000000021f60                __sigtramp_r
                0x0000000000021fbc                raise
                0x0000000000022018                signal
                0x0000000000022068                _init_signal
                0x00000000000220a0                __sigtramp